[
  {
    "line": 0,
    "message": "2025-10-15T18:55:47.857004-07:00 oDoozy systemd[1]: Mounted sys-fs-fuse-connections.mount - FUSE Control File System."
  },
  {
    "line": 1,
    "message": "2025-10-15T18:55:47.857308-07:00 oDoozy systemd[1]: Mounted sys-kernel-config.mount - Kernel Configuration File System."
  },
  {
    "line": 2,
    "message": "2025-10-15T18:55:47.857392-07:00 oDoozy systemd[1]: Finished keyboard-setup.service - Set the console keyboard layout."
  },
  {
    "line": 3,
    "message": "2025-10-15T18:55:47.857401-07:00 oDoozy systemd-sysctl[74]: Couldn't write '1' to 'kernel/apparmor_restrict_unprivileged_userns', ignoring: No such file or directory"
  },
  {
    "line": 4,
    "message": "2025-10-15T18:55:47.857409-07:00 oDoozy systemd[1]: Starting systemd-journal-flush.service - Flush Journal to Persistent Storage..."
  },
  {
    "line": 5,
    "message": "2025-10-15T18:55:47.857415-07:00 oDoozy systemd[1]: Finished systemd-sysctl.service - Apply Kernel Variables."
  },
  {
    "line": 6,
    "message": "2025-10-15T18:55:47.857421-07:00 oDoozy systemd[1]: Finished systemd-tmpfiles-setup-dev-early.service - Create Static Device Nodes in /dev gracefully."
  },
  {
    "line": 7,
    "message": "2025-10-15T18:55:47.857426-07:00 oDoozy systemd[1]: Starting systemd-sysusers.service - Create System Users..."
  },
  {
    "line": 8,
    "message": "2025-10-15T18:55:47.857437-07:00 oDoozy systemd[1]: Finished systemd-sysusers.service - Create System Users."
  },
  {
    "line": 9,
    "message": "2025-10-15T18:55:47.857442-07:00 oDoozy systemd[1]: Starting systemd-tmpfiles-setup-dev.service - Create Static Device Nodes in /dev..."
  },
  {
    "line": 10,
    "message": "2025-10-15T18:55:47.857446-07:00 oDoozy systemd[1]: Finished systemd-journal-flush.service - Flush Journal to Persistent Storage."
  },
  {
    "line": 11,
    "message": "2025-10-15T18:55:47.857451-07:00 oDoozy systemd[1]: Finished systemd-tmpfiles-setup-dev.service - Create Static Device Nodes in /dev."
  },
  {
    "line": 12,
    "message": "2025-10-15T18:55:47.857456-07:00 oDoozy systemd[1]: Reached target local-fs-pre.target - Preparation for Local File Systems."
  },
  {
    "line": 13,
    "message": "2025-10-15T18:55:47.857464-07:00 oDoozy systemd[1]: Reached target local-fs.target - Local File Systems."
  },
  {
    "line": 14,
    "message": "2025-10-15T18:55:47.857468-07:00 oDoozy systemd[1]: Listening on systemd-sysext.socket - System Extension Image Management (Varlink)."
  },
  {
    "line": 15,
    "message": "2025-10-15T18:55:47.857467-07:00 oDoozy kernel: Linux version 6.6.87.2-microsoft-standard-WSL2 (root@439a258ad544) (gcc (GCC) 11.2.0, GNU ld (GNU Binutils) 2.37) #1 SMP PREEMPT_DYNAMIC Thu Jun  5 18:30:46 UTC 2025"
  },
  {
    "line": 16,
    "message": "2025-10-15T18:55:47.857473-07:00 oDoozy systemd[1]: apparmor.service - Load AppArmor profiles was skipped because of an unmet condition check (ConditionSecurity=apparmor)."
  },
  {
    "line": 17,
    "message": "2025-10-15T18:55:47.857477-07:00 oDoozy kernel: Command line: initrd=\\initrd.img WSL_ROOT_INIT=1 panic=-1 nr_cpus=16 hv_utils.timesync_implicit=1 console=hvc0 debug pty.legacy_count=0 WSL_ENABLE_CRASH_DUMP=1"
  },
  {
    "line": 18,
    "message": "2025-10-15T18:55:47.857479-07:00 oDoozy kernel: KERNEL supported cpus:"
  },
  {
    "line": 19,
    "message": "2025-10-15T18:55:47.857478-07:00 oDoozy systemd[1]: Starting console-setup.service - Set console font and keymap..."
  },
  {
    "line": 20,
    "message": "2025-10-15T18:55:47.857480-07:00 oDoozy kernel:   Intel GenuineIntel"
  },
  {
    "line": 21,
    "message": "2025-10-15T18:55:47.857481-07:00 oDoozy kernel:   AMD AuthenticAMD"
  },
  {
    "line": 22,
    "message": "2025-10-15T18:55:47.857482-07:00 oDoozy kernel: BIOS-provided physical RAM map:"
  },
  {
    "line": 23,
    "message": "2025-10-15T18:55:47.857483-07:00 oDoozy kernel: BIOS-e820: [mem 0x0000000000000000-0x000000000009ffff] usable"
  },
  {
    "line": 24,
    "message": "2025-10-15T18:55:47.857483-07:00 oDoozy systemd[1]: Starting ldconfig.service - Rebuild Dynamic Linker Cache..."
  },
  {
    "line": 25,
    "message": "2025-10-15T18:55:47.857487-07:00 oDoozy kernel: BIOS-e820: [mem 0x00000000000e0000-0x00000000000e0fff] reserved"
  },
  {
    "line": 26,
    "message": "2025-10-15T18:55:47.857488-07:00 oDoozy kernel: BIOS-e820: [mem 0x0000000000100000-0x00000000001fffff] ACPI data"
  },
  {
    "line": 27,
    "message": "2025-10-15T18:55:47.857489-07:00 oDoozy kernel: BIOS-e820: [mem 0x0000000000200000-0x00000000f7ffffff] usable"
  },
  {
    "line": 28,
    "message": "2025-10-15T18:55:47.857490-07:00 oDoozy kernel: BIOS-e820: [mem 0x0000000100000000-0x00000001ff5fffff] usable"
  },
  {
    "line": 29,
    "message": "2025-10-15T18:55:47.857491-07:00 oDoozy kernel: NX (Execute Disable) protection: active"
  },
  {
    "line": 30,
    "message": "2025-10-15T18:55:47.857492-07:00 oDoozy kernel: APIC: Static calls initialized"
  },
  {
    "line": 31,
    "message": "2025-10-15T18:55:47.857493-07:00 oDoozy kernel: DMI not present or invalid."
  },
  {
    "line": 32,
    "message": "2025-10-15T18:55:47.857488-07:00 oDoozy systemd[1]: snapd.apparmor.service - Load AppArmor profiles managed internally by snapd was skipped because of an unmet condition check (ConditionSecurity=apparmor)."
  },
  {
    "line": 33,
    "message": "2025-10-15T18:55:47.857498-07:00 oDoozy kernel: Hypervisor detected: Microsoft Hyper-V"
  },
  {
    "line": 34,
    "message": "2025-10-15T18:55:47.857497-07:00 oDoozy systemd[1]: Starting systemd-binfmt.service - Set Up Additional Binary Formats..."
  },
  {
    "line": 35,
    "message": "2025-10-15T18:55:47.857499-07:00 oDoozy kernel: Hyper-V: privilege flags low 0xae7f, high 0x3b8030, hints 0x9a4e24, misc 0xe4bed7b6"
  },
  {
    "line": 36,
    "message": "2025-10-15T18:55:47.857500-07:00 oDoozy kernel: Hyper-V: Nested features: 0x3e0101"
  },
  {
    "line": 37,
    "message": "2025-10-15T18:55:47.857501-07:00 oDoozy kernel: Hyper-V: LAPIC Timer Frequency: 0xc3500"
  },
  {
    "line": 38,
    "message": "2025-10-15T18:55:47.857502-07:00 oDoozy kernel: Hyper-V: Using hypercall for remote TLB flush"
  },
  {
    "line": 39,
    "message": "2025-10-15T18:55:47.857501-07:00 oDoozy systemd[1]: Starting systemd-tmpfiles-setup.service - Create Volatile Files and Directories..."
  },
  {
    "line": 40,
    "message": "2025-10-15T18:55:47.857503-07:00 oDoozy kernel: clocksource: hyperv_clocksource_tsc_page: mask: 0xffffffffffffffff max_cycles: 0x24e6a1710, max_idle_ns: 440795202120 ns"
  },
  {
    "line": 41,
    "message": "2025-10-15T18:55:47.857507-07:00 oDoozy systemd[1]: Starting systemd-udevd.service - Rule-based Manager for Device Events and Files..."
  },
  {
    "line": 42,
    "message": "2025-10-15T18:55:47.857513-07:00 oDoozy kernel: clocksource: hyperv_clocksource_msr: mask: 0xffffffffffffffff max_cycles: 0x24e6a1710, max_idle_ns: 440795202120 ns"
  },
  {
    "line": 43,
    "message": "2025-10-15T18:55:47.857512-07:00 oDoozy systemd[1]: Finished systemd-udev-trigger.service - Coldplug All udev Devices."
  },
  {
    "line": 44,
    "message": "2025-10-15T18:55:47.857515-07:00 oDoozy kernel: tsc: Detected 2304.000 MHz processor"
  },
  {
    "line": 45,
    "message": "2025-10-15T18:55:47.857516-07:00 oDoozy kernel: e820: update [mem 0x00000000-0x00000fff] usable ==> reserved"
  },
  {
    "line": 46,
    "message": "2025-10-15T18:55:47.857517-07:00 oDoozy kernel: e820: remove [mem 0x000a0000-0x000fffff] usable"
  },
  {
    "line": 47,
    "message": "2025-10-15T18:55:47.857518-07:00 oDoozy kernel: last_pfn = 0x1ff600 max_arch_pfn = 0x400000000"
  },
  {
    "line": 48,
    "message": "2025-10-15T18:55:47.857519-07:00 oDoozy kernel: MTRR map: 5 entries (4 fixed + 1 variable; max 20), built from 8 variable MTRRs"
  },
  {
    "line": 49,
    "message": "2025-10-15T18:55:47.857518-07:00 oDoozy systemd[1]: Finished console-setup.service - Set console font and keymap."
  },
  {
    "line": 50,
    "message": "2025-10-15T18:55:47.857522-07:00 oDoozy kernel: x86/PAT: Configuration [0-7]: WB  WC  UC- UC  WB  WP  UC- WT"
  },
  {
    "line": 51,
    "message": "2025-10-15T18:55:47.857543-07:00 oDoozy kernel: last_pfn = 0xf8000 max_arch_pfn = 0x400000000"
  },
  {
    "line": 52,
    "message": "2025-10-15T18:55:47.857545-07:00 oDoozy kernel: Using GB pages for direct mapping"
  },
  {
    "line": 53,
    "message": "2025-10-15T18:55:47.857545-07:00 oDoozy kernel: RAMDISK: [mem 0x04be4000-0x04e7ffff]"
  },
  {
    "line": 54,
    "message": "2025-10-15T18:55:47.857546-07:00 oDoozy kernel: ACPI: Early table checksum verification disabled"
  },
  {
    "line": 55,
    "message": "2025-10-15T18:55:47.857547-07:00 oDoozy kernel: ACPI: RSDP 0x00000000000E0000 000024 (v02 VRTUAL)"
  },
  {
    "line": 56,
    "message": "2025-10-15T18:55:47.857539-07:00 oDoozy sh[117]: /bin/sh: 1: cannot create /proc/sys/fs/binfmt_misc/WSLInterop-late: Permission denied"
  },
  {
    "line": 57,
    "message": "2025-10-15T18:55:47.857551-07:00 oDoozy kernel: ACPI: XSDT 0x0000000000100000 000044 (v01 VRTUAL MICROSFT 00000001 MSFT 00000001)"
  },
  {
    "line": 58,
    "message": "2025-10-15T18:55:47.857552-07:00 oDoozy kernel: ACPI: FACP 0x0000000000101000 000114 (v06 VRTUAL MICROSFT 00000001 MSFT 00000001)"
  },
  {
    "line": 59,
    "message": "2025-10-15T18:55:47.857551-07:00 oDoozy systemd[1]: Finished systemd-binfmt.service - Set Up Additional Binary Formats."
  },
  {
    "line": 60,
    "message": "2025-10-15T18:55:47.857553-07:00 oDoozy kernel: ACPI: DSDT 0x00000000001011B8 01E11C (v02 MSFTVM DSDT01   00000001 INTL 20230628)"
  },
  {
    "line": 61,
    "message": "2025-10-15T18:55:47.857554-07:00 oDoozy kernel: ACPI: FACS 0x0000000000101114 000040"
  },
  {
    "line": 62,
    "message": "2025-10-15T18:55:47.857555-07:00 oDoozy kernel: ACPI: OEM0 0x0000000000101154 000064 (v01 VRTUAL MICROSFT 00000001 MSFT 00000001)"
  },
  {
    "line": 63,
    "message": "2025-10-15T18:55:47.857556-07:00 oDoozy kernel: ACPI: SRAT 0x000000000011F2D4 0003B0 (v02 VRTUAL MICROSFT 00000001 MSFT 00000001)"
  },
  {
    "line": 64,
    "message": "2025-10-15T18:55:47.857557-07:00 oDoozy kernel: ACPI: APIC 0x000000000011F684 0000C8 (v04 VRTUAL MICROSFT 00000001 MSFT 00000001)"
  },
  {
    "line": 65,
    "message": "2025-10-15T18:55:47.857556-07:00 oDoozy systemd[1]: Finished systemd-tmpfiles-setup.service - Create Volatile Files and Directories."
  },
  {
    "line": 66,
    "message": "2025-10-15T18:55:47.857560-07:00 oDoozy kernel: ACPI: Reserving FACP table memory at [mem 0x101000-0x101113]"
  },
  {
    "line": 67,
    "message": "2025-10-15T18:55:47.857561-07:00 oDoozy kernel: ACPI: Reserving DSDT table memory at [mem 0x1011b8-0x11f2d3]"
  },
  {
    "line": 68,
    "message": "2025-10-15T18:55:47.857562-07:00 oDoozy kernel: ACPI: Reserving FACS table memory at [mem 0x101114-0x101153]"
  },
  {
    "line": 69,
    "message": "2025-10-15T18:55:47.857563-07:00 oDoozy kernel: ACPI: Reserving OEM0 table memory at [mem 0x101154-0x1011b7]"
  },
  {
    "line": 70,
    "message": "2025-10-15T18:55:47.857564-07:00 oDoozy kernel: ACPI: Reserving SRAT table memory at [mem 0x11f2d4-0x11f683]"
  },
  {
    "line": 71,
    "message": "2025-10-15T18:55:47.857562-07:00 oDoozy systemd[1]: systemd-firstboot.service - First Boot Wizard was skipped because of an unmet condition check (ConditionFirstBoot=yes)."
  },
  {
    "line": 72,
    "message": "2025-10-15T18:55:47.857566-07:00 oDoozy kernel: ACPI: Reserving APIC table memory at [mem 0x11f684-0x11f74b]"
  },
  {
    "line": 73,
    "message": "2025-10-15T18:55:47.857570-07:00 oDoozy kernel: SRAT: PXM 0 -> APIC 0x00 -> Node 0"
  },
  {
    "line": 74,
    "message": "2025-10-15T18:55:47.857569-07:00 oDoozy systemd[1]: first-boot-complete.target - First Boot Complete was skipped because of an unmet condition check (ConditionFirstBoot=yes)."
  },
  {
    "line": 75,
    "message": "2025-10-15T18:55:47.857571-07:00 oDoozy kernel: SRAT: PXM 0 -> APIC 0x01 -> Node 0"
  },
  {
    "line": 76,
    "message": "2025-10-15T18:55:47.857572-07:00 oDoozy kernel: SRAT: PXM 0 -> APIC 0x02 -> Node 0"
  },
  {
    "line": 77,
    "message": "2025-10-15T18:55:47.857573-07:00 oDoozy kernel: SRAT: PXM 0 -> APIC 0x03 -> Node 0"
  },
  {
    "line": 78,
    "message": "2025-10-15T18:55:47.857574-07:00 oDoozy kernel: SRAT: PXM 0 -> APIC 0x04 -> Node 0"
  },
  {
    "line": 79,
    "message": "2025-10-15T18:55:47.857575-07:00 oDoozy kernel: SRAT: PXM 0 -> APIC 0x05 -> Node 0"
  },
  {
    "line": 80,
    "message": "2025-10-15T18:55:47.857576-07:00 oDoozy kernel: SRAT: PXM 0 -> APIC 0x06 -> Node 0"
  },
  {
    "line": 81,
    "message": "2025-10-15T18:55:47.857580-07:00 oDoozy kernel: SRAT: PXM 0 -> APIC 0x07 -> Node 0"
  },
  {
    "line": 82,
    "message": "2025-10-15T18:55:47.857574-07:00 oDoozy systemd[1]: Starting systemd-journal-catalog-update.service - Rebuild Journal Catalog..."
  },
  {
    "line": 83,
    "message": "2025-10-15T18:55:47.857581-07:00 oDoozy kernel: SRAT: PXM 0 -> APIC 0x08 -> Node 0"
  },
  {
    "line": 84,
    "message": "2025-10-15T18:55:47.857582-07:00 oDoozy kernel: SRAT: PXM 0 -> APIC 0x09 -> Node 0"
  },
  {
    "line": 85,
    "message": "2025-10-15T18:55:47.857583-07:00 oDoozy kernel: SRAT: PXM 0 -> APIC 0x0a -> Node 0"
  },
  {
    "line": 86,
    "message": "2025-10-15T18:55:47.857584-07:00 oDoozy kernel: SRAT: PXM 0 -> APIC 0x0b -> Node 0"
  },
  {
    "line": 87,
    "message": "2025-10-15T18:55:47.857585-07:00 oDoozy kernel: SRAT: PXM 0 -> APIC 0x0c -> Node 0"
  },
  {
    "line": 88,
    "message": "2025-10-15T18:55:47.857583-07:00 oDoozy systemd[1]: systemd-machine-id-commit.service - Commit a transient machine-id on disk was skipped because of an unmet condition check (ConditionPathIsMountPoint=/etc/machine-id)."
  },
  {
    "line": 89,
    "message": "2025-10-15T18:55:47.857588-07:00 oDoozy kernel: SRAT: PXM 0 -> APIC 0x0d -> Node 0"
  },
  {
    "line": 90,
    "message": "2025-10-15T18:55:47.857589-07:00 oDoozy kernel: SRAT: PXM 0 -> APIC 0x0e -> Node 0"
  },
  {
    "line": 91,
    "message": "2025-10-15T18:55:47.857590-07:00 oDoozy kernel: SRAT: PXM 0 -> APIC 0x0f -> Node 0"
  },
  {
    "line": 92,
    "message": "2025-10-15T18:55:47.857591-07:00 oDoozy kernel: ACPI: SRAT: Node 0 PXM 0 [mem 0x00000000-0xf7ffffff] hotplug"
  },
  {
    "line": 93,
    "message": "2025-10-15T18:55:47.857592-07:00 oDoozy kernel: ACPI: SRAT: Node 0 PXM 0 [mem 0x100000000-0x1ff5fffff] hotplug"
  },
  {
    "line": 94,
    "message": "2025-10-15T18:55:47.857593-07:00 oDoozy kernel: ACPI: SRAT: Node 0 PXM 0 [mem 0x1ff600000-0x9ffdfffff] hotplug"
  },
  {
    "line": 95,
    "message": "2025-10-15T18:55:47.857590-07:00 oDoozy systemd[1]: Starting systemd-resolved.service - Network Name Resolution..."
  },
  {
    "line": 96,
    "message": "2025-10-15T18:55:47.857598-07:00 oDoozy kernel: ACPI: SRAT: Node 0 PXM 0 [mem 0x1000000000-0xffffffffff] hotplug"
  },
  {
    "line": 97,
    "message": "2025-10-15T18:55:47.857598-07:00 oDoozy systemd[1]: Starting systemd-timesyncd.service - Network Time Synchronization..."
  },
  {
    "line": 98,
    "message": "2025-10-15T18:55:47.857600-07:00 oDoozy kernel: ACPI: SRAT: Node 0 PXM 0 [mem 0x10000000000-0x1ffffffffff] hotplug"
  },
  {
    "line": 99,
    "message": "2025-10-15T18:55:47.857602-07:00 oDoozy kernel: ACPI: SRAT: Node 0 PXM 0 [mem 0x20000000000-0x3ffffffffff] hotplug"
  },
  {
    "line": 100,
    "message": "2025-10-15T18:55:47.857604-07:00 oDoozy kernel: ACPI: SRAT: Node 0 PXM 0 [mem 0x40000000000-0x7ffffffffff] hotplug"
  },
  {
    "line": 101,
    "message": "2025-10-15T18:55:47.857605-07:00 oDoozy kernel: ACPI: SRAT: Node 0 PXM 0 [mem 0x80000000000-0xfffffffffff] hotplug"
  },
  {
    "line": 102,
    "message": "2025-10-15T18:55:47.857603-07:00 oDoozy systemd[1]: Starting systemd-update-utmp.service - Record System Boot/Shutdown in UTMP..."
  },
  {
    "line": 103,
    "message": "2025-10-15T18:55:47.857606-07:00 oDoozy kernel: ACPI: SRAT: Node 0 PXM 0 [mem 0x100000000000-0x1fffffffffff] hotplug"
  },
  {
    "line": 104,
    "message": "2025-10-15T18:55:47.857608-07:00 oDoozy kernel: ACPI: SRAT: Node 0 PXM 0 [mem 0x200000000000-0x3fffffffffff] hotplug"
  },
  {
    "line": 105,
    "message": "2025-10-15T18:55:47.857615-07:00 oDoozy kernel: ACPI: SRAT: Node 0 PXM 0 [mem 0x400000000000-0x7fffffffffff] hotplug"
  },
  {
    "line": 106,
    "message": "2025-10-15T18:55:47.857609-07:00 oDoozy systemd[1]: wslg.service - WSLg Remount Service was skipped because of an unmet condition check (ConditionPathExists=!/tmp/.X11-unix/X0)."
  },
  {
    "line": 107,
    "message": "2025-10-15T18:55:47.857616-07:00 oDoozy kernel: ACPI: SRAT: Node 0 PXM 0 [mem 0x800000000000-0xffffffffffff] hotplug"
  },
  {
    "line": 108,
    "message": "2025-10-15T18:55:47.857617-07:00 oDoozy kernel: ACPI: SRAT: Node 0 PXM 0 [mem 0x1000000000000-0x1ffffffffffff] hotplug"
  },
  {
    "line": 109,
    "message": "2025-10-15T18:55:47.857618-07:00 oDoozy kernel: ACPI: SRAT: Node 0 PXM 0 [mem 0x2000000000000-0x3ffffffffffff] hotplug"
  },
  {
    "line": 110,
    "message": "2025-10-15T18:55:47.857619-07:00 oDoozy kernel: ACPI: SRAT: Node 0 PXM 0 [mem 0x4000000000000-0x7ffffffffffff] hotplug"
  },
  {
    "line": 111,
    "message": "2025-10-15T18:55:47.857620-07:00 oDoozy kernel: ACPI: SRAT: Node 0 PXM 0 [mem 0x8000000000000-0xfffffffffffff] hotplug"
  },
  {
    "line": 112,
    "message": "2025-10-15T18:55:47.857619-07:00 oDoozy systemd-udevd[110]: Using default interface naming scheme 'v255'."
  },
  {
    "line": 113,
    "message": "2025-10-15T18:55:47.857624-07:00 oDoozy kernel: NUMA: Node 0 [mem 0x00000000-0xf7ffffff] + [mem 0x100000000-0x1ff5fffff] -> [mem 0x00000000-0x1ff5fffff]"
  },
  {
    "line": 114,
    "message": "2025-10-15T18:55:47.857626-07:00 oDoozy kernel: NODE_DATA(0) allocated [mem 0x1ff5de000-0x1ff5fffff]"
  },
  {
    "line": 115,
    "message": "2025-10-15T18:55:47.857627-07:00 oDoozy kernel: Zone ranges:"
  },
  {
    "line": 116,
    "message": "2025-10-15T18:55:47.857625-07:00 oDoozy systemd[1]: Finished ldconfig.service - Rebuild Dynamic Linker Cache."
  },
  {
    "line": 117,
    "message": "2025-10-15T18:55:47.857628-07:00 oDoozy kernel:   DMA32    [mem 0x0000000000001000-0x00000000ffffffff]"
  },
  {
    "line": 118,
    "message": "2025-10-15T18:55:47.857629-07:00 oDoozy kernel:   Normal   [mem 0x0000000100000000-0x00000001ff5fffff]"
  },
  {
    "line": 119,
    "message": "2025-10-15T18:55:47.857630-07:00 oDoozy kernel:   Device   empty"
  },
  {
    "line": 120,
    "message": "2025-10-15T18:55:47.857630-07:00 oDoozy systemd[1]: Finished systemd-update-utmp.service - Record System Boot/Shutdown in UTMP."
  },
  {
    "line": 121,
    "message": "2025-10-15T18:55:47.857635-07:00 oDoozy kernel: Movable zone start for each node"
  },
  {
    "line": 122,
    "message": "2025-10-15T18:55:47.857636-07:00 oDoozy kernel: Early memory node ranges"
  },
  {
    "line": 123,
    "message": "2025-10-15T18:55:47.857636-07:00 oDoozy kernel:   node   0: [mem 0x0000000000001000-0x000000000009ffff]"
  },
  {
    "line": 124,
    "message": "2025-10-15T18:55:47.857635-07:00 oDoozy systemd[1]: Finished systemd-journal-catalog-update.service - Rebuild Journal Catalog."
  },
  {
    "line": 125,
    "message": "2025-10-15T18:55:47.857637-07:00 oDoozy kernel:   node   0: [mem 0x0000000000200000-0x00000000f7ffffff]"
  },
  {
    "line": 126,
    "message": "2025-10-15T18:55:47.857640-07:00 oDoozy kernel:   node   0: [mem 0x0000000100000000-0x00000001ff5fffff]"
  },
  {
    "line": 127,
    "message": "2025-10-15T18:55:47.857642-07:00 oDoozy kernel: Initmem setup node 0 [mem 0x0000000000001000-0x00000001ff5fffff]"
  },
  {
    "line": 128,
    "message": "2025-10-15T18:55:47.857643-07:00 oDoozy kernel: On node 0, zone DMA32: 1 pages in unavailable ranges"
  },
  {
    "line": 129,
    "message": "2025-10-15T18:55:47.857641-07:00 oDoozy systemd[1]: Starting systemd-update-done.service - Update is Completed..."
  },
  {
    "line": 130,
    "message": "2025-10-15T18:55:47.857646-07:00 oDoozy kernel: On node 0, zone DMA32: 352 pages in unavailable ranges"
  },
  {
    "line": 131,
    "message": "2025-10-15T18:55:47.857647-07:00 oDoozy kernel: On node 0, zone Normal: 2560 pages in unavailable ranges"
  },
  {
    "line": 132,
    "message": "2025-10-15T18:55:47.857649-07:00 oDoozy kernel: ACPI: PM-Timer IO Port: 0x408"
  },
  {
    "line": 133,
    "message": "2025-10-15T18:55:47.857650-07:00 oDoozy kernel: ACPI: LAPIC_NMI (acpi_id[0x01] dfl dfl lint[0x1])"
  },
  {
    "line": 134,
    "message": "2025-10-15T18:55:47.857650-07:00 oDoozy kernel: IOAPIC[0]: apic_id 16, version 17, address 0xfec00000, GSI 0-23"
  },
  {
    "line": 135,
    "message": "2025-10-15T18:55:47.857651-07:00 oDoozy kernel: ACPI: INT_SRC_OVR (bus 0 bus_irq 9 global_irq 9 high level)"
  },
  {
    "line": 136,
    "message": "2025-10-15T18:55:47.857646-07:00 oDoozy systemd[1]: Started systemd-udevd.service - Rule-based Manager for Device Events and Files."
  },
  {
    "line": 137,
    "message": "2025-10-15T18:55:47.857655-07:00 oDoozy kernel: ACPI: Using ACPI (MADT) for SMP configuration information"
  },
  {
    "line": 138,
    "message": "2025-10-15T18:55:47.857656-07:00 oDoozy kernel: TSC deadline timer available"
  },
  {
    "line": 139,
    "message": "2025-10-15T18:55:47.857657-07:00 oDoozy kernel: smpboot: Allowing 16 CPUs, 0 hotplug CPUs"
  },
  {
    "line": 140,
    "message": "2025-10-15T18:55:47.857658-07:00 oDoozy kernel: PM: hibernation: Registered nosave memory: [mem 0x00000000-0x00000fff]"
  },
  {
    "line": 141,
    "message": "2025-10-15T18:55:47.857656-07:00 oDoozy systemd[1]: Finished systemd-update-done.service - Update is Completed."
  },
  {
    "line": 142,
    "message": "2025-10-15T18:55:47.857658-07:00 oDoozy kernel: PM: hibernation: Registered nosave memory: [mem 0x000a0000-0x000dffff]"
  },
  {
    "line": 143,
    "message": "2025-10-15T18:55:47.857660-07:00 oDoozy kernel: PM: hibernation: Registered nosave memory: [mem 0x000e0000-0x000e0fff]"
  },
  {
    "line": 144,
    "message": "2025-10-15T18:55:47.857661-07:00 oDoozy kernel: PM: hibernation: Registered nosave memory: [mem 0x000e1000-0x000fffff]"
  },
  {
    "line": 145,
    "message": "2025-10-15T18:55:47.857662-07:00 oDoozy systemd-resolved[122]: Positive Trust Anchors:"
  },
  {
    "line": 146,
    "message": "2025-10-15T18:55:47.857665-07:00 oDoozy kernel: PM: hibernation: Registered nosave memory: [mem 0x00100000-0x001fffff]"
  },
  {
    "line": 147,
    "message": "2025-10-15T18:55:47.857666-07:00 oDoozy kernel: PM: hibernation: Registered nosave memory: [mem 0xf8000000-0xffffffff]"
  },
  {
    "line": 148,
    "message": "2025-10-15T18:55:47.857667-07:00 oDoozy kernel: [mem 0xf8000000-0xffffffff] available for PCI devices"
  },
  {
    "line": 149,
    "message": "2025-10-15T18:55:47.857668-07:00 oDoozy kernel: Booting paravirtualized kernel on Hyper-V"
  },
  {
    "line": 150,
    "message": "2025-10-15T18:55:47.857668-07:00 oDoozy kernel: clocksource: refined-jiffies: mask: 0xffffffff max_cycles: 0xffffffff, max_idle_ns: 7645519600211568 ns"
  },
  {
    "line": 151,
    "message": "2025-10-15T18:55:47.857668-07:00 oDoozy systemd-resolved[122]: . IN DS 20326 8 2 e06d44b80b8f1d39a95c0b0d7c65d08458e880409bbc683457104237c7f8ec8d"
  },
  {
    "line": 152,
    "message": "2025-10-15T18:55:47.857741-07:00 oDoozy kernel: setup_percpu: NR_CPUS:8192 nr_cpumask_bits:16 nr_cpu_ids:16 nr_node_ids:1"
  },
  {
    "line": 153,
    "message": "2025-10-15T18:55:47.857743-07:00 oDoozy kernel: percpu: Embedded 63 pages/cpu s221184 r8192 d28672 u262144"
  },
  {
    "line": 154,
    "message": "2025-10-15T18:55:47.857744-07:00 oDoozy kernel: pcpu-alloc: s221184 r8192 d28672 u262144 alloc=1*2097152"
  },
  {
    "line": 155,
    "message": "2025-10-15T18:55:47.857745-07:00 oDoozy kernel: pcpu-alloc: [0] 00 01 02 03 04 05 06 07 [0] 08 09 10 11 12 13 14 15"
  },
  {
    "line": 156,
    "message": "2025-10-15T18:55:47.857746-07:00 oDoozy kernel: Hyper-V: PV spinlocks enabled"
  },
  {
    "line": 157,
    "message": "2025-10-15T18:55:47.857747-07:00 oDoozy kernel: PV qspinlock hash table entries: 256 (order: 0, 4096 bytes, linear)"
  },
  {
    "line": 158,
    "message": "2025-10-15T18:55:47.857748-07:00 oDoozy kernel: Kernel command line: initrd=\\initrd.img WSL_ROOT_INIT=1 panic=-1 nr_cpus=16 hv_utils.timesync_implicit=1 console=hvc0 debug pty.legacy_count=0 WSL_ENABLE_CRASH_DUMP=1"
  },
  {
    "line": 159,
    "message": "2025-10-15T18:55:47.857749-07:00 oDoozy kernel: Unknown kernel command line parameters \"WSL_ROOT_INIT=1 WSL_ENABLE_CRASH_DUMP=1\", will be passed to user space."
  },
  {
    "line": 160,
    "message": "2025-10-15T18:55:47.857750-07:00 oDoozy kernel: random: crng init done"
  },
  {
    "line": 161,
    "message": "2025-10-15T18:55:47.857751-07:00 oDoozy kernel: Dentry cache hash table entries: 1048576 (order: 11, 8388608 bytes, linear)"
  },
  {
    "line": 162,
    "message": "2025-10-15T18:55:47.857752-07:00 oDoozy kernel: Inode-cache hash table entries: 524288 (order: 10, 4194304 bytes, linear)"
  },
  {
    "line": 163,
    "message": "2025-10-15T18:55:47.857753-07:00 oDoozy kernel: Fallback order for Node 0: 0"
  },
  {
    "line": 164,
    "message": "2025-10-15T18:55:47.857754-07:00 oDoozy kernel: Built 1 zonelists, mobility grouping on.  Total pages: 2028584"
  },
  {
    "line": 165,
    "message": "2025-10-15T18:55:47.857673-07:00 oDoozy systemd-resolved[122]: Negative trust anchors: home.arpa 10.in-addr.arpa 16.172.in-addr.arpa 17.172.in-addr.arpa 18.172.in-addr.arpa 19.172.in-addr.arpa 20.172.in-addr.arpa 21.172.in-addr.arpa 22.172.in-addr.arpa 23.172.in-addr.arpa 24.172.in-addr.arpa 25.172.in-addr.arpa 26.172.in-addr.arpa 27.172.in-addr.arpa 28.172.in-addr.arpa 29.172.in-addr.arpa 30.172.in-addr.arpa 31.172.in-addr.arpa 170.0.0.192.in-addr.arpa 171.0.0.192.in-addr.arpa 168.192.in-addr.arpa d.f.ip6.arpa ipv4only.arpa corp home internal intranet lan local private test"
  },
  {
    "line": 166,
    "message": "2025-10-15T18:55:47.857755-07:00 oDoozy kernel: Policy zone: Normal"
  },
  {
    "line": 167,
    "message": "2025-10-15T18:55:47.857774-07:00 oDoozy kernel: mem auto-init: stack:off, heap alloc:on, heap free:off"
  },
  {
    "line": 168,
    "message": "2025-10-15T18:55:47.857768-07:00 oDoozy systemd[1]: Started systemd-timesyncd.service - Network Time Synchronization."
  },
  {
    "line": 169,
    "message": "2025-10-15T18:55:47.857776-07:00 oDoozy kernel: software IO TLB: area num 16."
  },
  {
    "line": 170,
    "message": "2025-10-15T18:55:47.857777-07:00 oDoozy kernel: Memory: 4123788K/8245884K available (20480K kernel code, 3457K rwdata, 13496K rodata, 4492K init, 6208K bss, 264472K reserved, 0K cma-reserved)"
  },
  {
    "line": 171,
    "message": "2025-10-15T18:55:47.857778-07:00 oDoozy kernel: SLUB: HWalign=64, Order=0-3, MinObjects=0, CPUs=16, Nodes=1"
  },
  {
    "line": 172,
    "message": "2025-10-15T18:55:47.857779-07:00 oDoozy kernel: ftrace: allocating 55808 entries in 218 pages"
  },
  {
    "line": 173,
    "message": "2025-10-15T18:55:47.857780-07:00 oDoozy kernel: ftrace: allocated 218 pages with 5 groups"
  },
  {
    "line": 174,
    "message": "2025-10-15T18:55:47.857781-07:00 oDoozy kernel: Dynamic Preempt: none"
  },
  {
    "line": 175,
    "message": "2025-10-15T18:55:47.857783-07:00 oDoozy kernel: rcu: Preemptible hierarchical RCU implementation."
  },
  {
    "line": 176,
    "message": "2025-10-15T18:55:47.857784-07:00 oDoozy kernel: rcu: \tRCU restricting CPUs from NR_CPUS=8192 to nr_cpu_ids=16."
  },
  {
    "line": 177,
    "message": "2025-10-15T18:55:47.857779-07:00 oDoozy systemd-resolved[122]: Using system hostname 'oDoozy'."
  },
  {
    "line": 178,
    "message": "2025-10-15T18:55:47.857785-07:00 oDoozy kernel: \tTrampoline variant of Tasks RCU enabled."
  },
  {
    "line": 179,
    "message": "2025-10-15T18:55:47.857786-07:00 oDoozy kernel: \tRude variant of Tasks RCU enabled."
  },
  {
    "line": 180,
    "message": "2025-10-15T18:55:47.857788-07:00 oDoozy systemd[1]: Started systemd-resolved.service - Network Name Resolution."
  },
  {
    "line": 181,
    "message": "2025-10-15T18:55:47.857793-07:00 oDoozy kernel: \tTracing variant of Tasks RCU enabled."
  },
  {
    "line": 182,
    "message": "2025-10-15T18:55:47.857795-07:00 oDoozy kernel: rcu: RCU calculated value of scheduler-enlistment delay is 25 jiffies."
  },
  {
    "line": 183,
    "message": "2025-10-15T18:55:47.857796-07:00 oDoozy kernel: rcu: Adjusting geometry for rcu_fanout_leaf=16, nr_cpu_ids=16"
  },
  {
    "line": 184,
    "message": "2025-10-15T18:55:47.857794-07:00 oDoozy systemd[1]: Reached target nss-lookup.target - Host and Network Name Lookups."
  },
  {
    "line": 185,
    "message": "2025-10-15T18:55:47.857797-07:00 oDoozy kernel: Using NULL legacy PIC"
  },
  {
    "line": 186,
    "message": "2025-10-15T18:55:47.857798-07:00 oDoozy kernel: NR_IRQS: 524544, nr_irqs: 552, preallocated irqs: 0"
  },
  {
    "line": 187,
    "message": "2025-10-15T18:55:47.857799-07:00 oDoozy kernel: rcu: srcu_init: Setting srcu_struct sizes based on contention."
  },
  {
    "line": 188,
    "message": "2025-10-15T18:55:47.857799-07:00 oDoozy systemd[1]: Reached target sysinit.target - System Initialization."
  },
  {
    "line": 189,
    "message": "2025-10-15T18:55:47.857807-07:00 oDoozy kernel: Console: colour dummy device 80x25"
  },
  {
    "line": 190,
    "message": "2025-10-15T18:55:47.857808-07:00 oDoozy kernel: ACPI: Core revision 20230628"
  },
  {
    "line": 191,
    "message": "2025-10-15T18:55:47.857809-07:00 oDoozy kernel: Failed to register legacy timer interrupt"
  },
  {
    "line": 192,
    "message": "2025-10-15T18:55:47.857810-07:00 oDoozy kernel: APIC: Switch to symmetric I/O mode setup"
  },
  {
    "line": 193,
    "message": "2025-10-15T18:55:47.857812-07:00 oDoozy kernel: x2apic enabled"
  },
  {
    "line": 194,
    "message": "2025-10-15T18:55:47.857813-07:00 oDoozy kernel: APIC: Switched APIC routing to: physical x2apic"
  },
  {
    "line": 195,
    "message": "2025-10-15T18:55:47.857807-07:00 oDoozy systemd[1]: apport-autoreport.path - Process error reports when automatic reporting is enabled (file watch) was skipped because of an unmet condition check (ConditionPathExists=/var/lib/apport/autoreport)."
  },
  {
    "line": 196,
    "message": "2025-10-15T18:55:47.857814-07:00 oDoozy kernel: Hyper-V: Host Build 10.0.26100.6584-6-0"
  },
  {
    "line": 197,
    "message": "2025-10-15T18:55:47.857818-07:00 oDoozy kernel: Hyper-V: enabling crash_kexec_post_notifiers"
  },
  {
    "line": 198,
    "message": "2025-10-15T18:55:47.857819-07:00 oDoozy kernel: Hyper-V: Disabling IBT because of Hyper-V bug"
  },
  {
    "line": 199,
    "message": "2025-10-15T18:55:47.857817-07:00 oDoozy systemd[1]: apport-autoreport.timer - Process error reports when automatic reporting is enabled (timer based) was skipped because of an unmet condition check (ConditionPathExists=/var/lib/apport/autoreport)."
  },
  {
    "line": 200,
    "message": "2025-10-15T18:55:47.857820-07:00 oDoozy kernel: Hyper-V: Using IPI hypercalls"
  },
  {
    "line": 201,
    "message": "2025-10-15T18:55:47.857823-07:00 oDoozy kernel: APIC: send_IPI() replaced with hv_send_ipi()"
  },
  {
    "line": 202,
    "message": "2025-10-15T18:55:47.857824-07:00 oDoozy kernel: APIC: send_IPI_mask() replaced with hv_send_ipi_mask()"
  },
  {
    "line": 203,
    "message": "2025-10-15T18:55:47.857825-07:00 oDoozy kernel: APIC: send_IPI_mask_allbutself() replaced with hv_send_ipi_mask_allbutself()"
  },
  {
    "line": 204,
    "message": "2025-10-15T18:55:47.857824-07:00 oDoozy systemd[1]: Started systemd-tmpfiles-clean.timer - Daily Cleanup of Temporary Directories."
  },
  {
    "line": 205,
    "message": "2025-10-15T18:55:47.857830-07:00 oDoozy kernel: APIC: send_IPI_allbutself() replaced with hv_send_ipi_allbutself()"
  },
  {
    "line": 206,
    "message": "2025-10-15T18:55:47.857831-07:00 oDoozy kernel: APIC: send_IPI_all() replaced with hv_send_ipi_all()"
  },
  {
    "line": 207,
    "message": "2025-10-15T18:55:47.857832-07:00 oDoozy kernel: APIC: send_IPI_self() replaced with hv_send_ipi_self()"
  },
  {
    "line": 208,
    "message": "2025-10-15T18:55:47.857829-07:00 oDoozy systemd[1]: ua-timer.timer - Ubuntu Pro Timer for running repeated jobs was skipped because of an unmet condition check (ConditionPathExists=/var/lib/ubuntu-advantage/private/machine-token.json)."
  },
  {
    "line": 209,
    "message": "2025-10-15T18:55:47.857833-07:00 oDoozy kernel: clocksource: tsc-early: mask: 0xffffffffffffffff max_cycles: 0x2135f7c97c8, max_idle_ns: 440795273205 ns"
  },
  {
    "line": 210,
    "message": "2025-10-15T18:55:47.857834-07:00 oDoozy kernel: Calibrating delay loop (skipped), value calculated using timer frequency.. 4608.00 BogoMIPS (lpj=9216000)"
  },
  {
    "line": 211,
    "message": "2025-10-15T18:55:47.857836-07:00 oDoozy kernel: x86/cpu: User Mode Instruction Prevention (UMIP) activated"
  },
  {
    "line": 212,
    "message": "2025-10-15T18:55:47.857835-07:00 oDoozy systemd[1]: Reached target paths.target - Path Units."
  },
  {
    "line": 213,
    "message": "2025-10-15T18:55:47.857839-07:00 oDoozy kernel: Last level iTLB entries: 4KB 0, 2MB 0, 4MB 0"
  },
  {
    "line": 214,
    "message": "2025-10-15T18:55:47.857841-07:00 oDoozy kernel: Last level dTLB entries: 4KB 0, 2MB 0, 4MB 0, 1GB 0"
  },
  {
    "line": 215,
    "message": "2025-10-15T18:55:47.857842-07:00 oDoozy kernel: Spectre V1 : Mitigation: usercopy/swapgs barriers and __user pointer sanitization"
  },
  {
    "line": 216,
    "message": "2025-10-15T18:55:47.857842-07:00 oDoozy kernel: Spectre V2 : Spectre BHI mitigation: SW BHB clearing on vm exit"
  },
  {
    "line": 217,
    "message": "2025-10-15T18:55:47.857841-07:00 oDoozy systemd[1]: Reached target time-set.target - System Time Set."
  },
  {
    "line": 218,
    "message": "2025-10-15T18:55:47.857843-07:00 oDoozy kernel: Spectre V2 : Spectre BHI mitigation: SW BHB clearing on syscall"
  },
  {
    "line": 219,
    "message": "2025-10-15T18:55:47.857845-07:00 oDoozy kernel: Spectre V2 : Mitigation: Enhanced / Automatic IBRS"
  },
  {
    "line": 220,
    "message": "2025-10-15T18:55:47.857846-07:00 oDoozy kernel: Spectre V2 : Spectre v2 / SpectreRSB mitigation: Filling RSB on context switch"
  },
  {
    "line": 221,
    "message": "2025-10-15T18:55:47.857846-07:00 oDoozy systemd[1]: Started apt-daily.timer - Daily apt download activities."
  },
  {
    "line": 222,
    "message": "2025-10-15T18:55:47.857849-07:00 oDoozy kernel: Spectre V2 : Spectre v2 / PBRSB-eIBRS: Retire a single CALL on VMEXIT"
  },
  {
    "line": 223,
    "message": "2025-10-15T18:55:47.857850-07:00 oDoozy kernel: RETBleed: Mitigation: Enhanced IBRS"
  },
  {
    "line": 224,
    "message": "2025-10-15T18:55:47.857852-07:00 oDoozy kernel: Spectre V2 : mitigation: Enabling conditional Indirect Branch Prediction Barrier"
  },
  {
    "line": 225,
    "message": "2025-10-15T18:55:47.857852-07:00 oDoozy kernel: Speculative Store Bypass: Mitigation: Speculative Store Bypass disabled via prctl"
  },
  {
    "line": 226,
    "message": "2025-10-15T18:55:47.857853-07:00 oDoozy kernel: x86/fpu: Supporting XSAVE feature 0x001: 'x87 floating point registers'"
  },
  {
    "line": 227,
    "message": "2025-10-15T18:55:47.857854-07:00 oDoozy kernel: x86/fpu: Supporting XSAVE feature 0x002: 'SSE registers'"
  },
  {
    "line": 228,
    "message": "2025-10-15T18:55:47.857852-07:00 oDoozy systemd-timesyncd[123]: Contacted time server 91.189.91.157:123 (ntp.ubuntu.com)."
  },
  {
    "line": 229,
    "message": "2025-10-15T18:55:47.857859-07:00 oDoozy kernel: x86/fpu: Supporting XSAVE feature 0x004: 'AVX registers'"
  },
  {
    "line": 230,
    "message": "2025-10-15T18:55:47.857861-07:00 oDoozy kernel: x86/fpu: Supporting XSAVE feature 0x020: 'AVX-512 opmask'"
  },
  {
    "line": 231,
    "message": "2025-10-15T18:55:47.857861-07:00 oDoozy kernel: x86/fpu: Supporting XSAVE feature 0x040: 'AVX-512 Hi256'"
  },
  {
    "line": 232,
    "message": "2025-10-15T18:55:47.857859-07:00 oDoozy systemd-timesyncd[123]: Initial clock synchronization to Wed 2025-10-15 18:55:47.723433 PDT."
  },
  {
    "line": 233,
    "message": "2025-10-15T18:55:47.857862-07:00 oDoozy kernel: x86/fpu: Supporting XSAVE feature 0x080: 'AVX-512 ZMM_Hi256'"
  },
  {
    "line": 234,
    "message": "2025-10-15T18:55:47.857866-07:00 oDoozy kernel: x86/fpu: Supporting XSAVE feature 0x800: 'Control-flow User registers'"
  },
  {
    "line": 235,
    "message": "2025-10-15T18:55:47.857868-07:00 oDoozy kernel: x86/fpu: xstate_offset[2]:  576, xstate_sizes[2]:  256"
  },
  {
    "line": 236,
    "message": "2025-10-15T18:55:47.857870-07:00 oDoozy kernel: x86/fpu: xstate_offset[5]:  832, xstate_sizes[5]:   64"
  },
  {
    "line": 237,
    "message": "2025-10-15T18:55:47.857970-07:00 oDoozy kernel: x86/fpu: xstate_offset[6]:  896, xstate_sizes[6]:  512"
  },
  {
    "line": 238,
    "message": "2025-10-15T18:55:47.857974-07:00 oDoozy kernel: x86/fpu: xstate_offset[7]: 1408, xstate_sizes[7]: 1024"
  },
  {
    "line": 239,
    "message": "2025-10-15T18:55:47.857975-07:00 oDoozy kernel: x86/fpu: xstate_offset[11]: 2432, xstate_sizes[11]:   16"
  },
  {
    "line": 240,
    "message": "2025-10-15T18:55:47.857976-07:00 oDoozy kernel: x86/fpu: Enabled xstate features 0x8e7, context size is 2448 bytes, using 'compacted' format."
  },
  {
    "line": 241,
    "message": "2025-10-15T18:55:47.857977-07:00 oDoozy kernel: Freeing SMP alternatives memory: 44K"
  },
  {
    "line": 242,
    "message": "2025-10-15T18:55:47.857978-07:00 oDoozy kernel: pid_max: default: 32768 minimum: 301"
  },
  {
    "line": 243,
    "message": "2025-10-15T18:55:47.857980-07:00 oDoozy kernel: LSM: initializing lsm=capability,landlock,yama,safesetid,selinux,integrity"
  },
  {
    "line": 244,
    "message": "2025-10-15T18:55:47.857981-07:00 oDoozy kernel: landlock: Up and running."
  },
  {
    "line": 245,
    "message": "2025-10-15T18:55:47.857982-07:00 oDoozy kernel: Yama: becoming mindful."
  },
  {
    "line": 246,
    "message": "2025-10-15T18:55:47.857983-07:00 oDoozy kernel: SELinux:  Initializing."
  },
  {
    "line": 247,
    "message": "2025-10-15T18:55:47.857984-07:00 oDoozy kernel: Mount-cache hash table entries: 16384 (order: 5, 131072 bytes, linear)"
  },
  {
    "line": 248,
    "message": "2025-10-15T18:55:47.857984-07:00 oDoozy kernel: Mountpoint-cache hash table entries: 16384 (order: 5, 131072 bytes, linear)"
  },
  {
    "line": 249,
    "message": "2025-10-15T18:55:47.857986-07:00 oDoozy kernel: smpboot: CPU0: 11th Gen Intel(R) Core(TM) i7-11800H @ 2.30GHz (family: 0x6, model: 0x8d, stepping: 0x1)"
  },
  {
    "line": 250,
    "message": "2025-10-15T18:55:47.857987-07:00 oDoozy kernel: RCU Tasks: Setting shift to 4 and lim to 1 rcu_task_cb_adjust=1 rcu_task_cpu_ids=16."
  },
  {
    "line": 251,
    "message": "2025-10-15T18:55:47.857988-07:00 oDoozy kernel: RCU Tasks Rude: Setting shift to 4 and lim to 1 rcu_task_cb_adjust=1 rcu_task_cpu_ids=16."
  },
  {
    "line": 252,
    "message": "2025-10-15T18:55:47.857989-07:00 oDoozy kernel: RCU Tasks Trace: Setting shift to 4 and lim to 1 rcu_task_cb_adjust=1 rcu_task_cpu_ids=16."
  },
  {
    "line": 253,
    "message": "2025-10-15T18:55:47.857990-07:00 oDoozy kernel: Performance Events:  AnyThread deprecated, Icelake events, 32-deep LBR, full-width counters, Intel PMU driver."
  },
  {
    "line": 254,
    "message": "2025-10-15T18:55:47.857991-07:00 oDoozy kernel: ... version:                5"
  },
  {
    "line": 255,
    "message": "2025-10-15T18:55:47.857992-07:00 oDoozy kernel: ... bit width:              48"
  },
  {
    "line": 256,
    "message": "2025-10-15T18:55:47.857993-07:00 oDoozy kernel: ... generic registers:      8"
  },
  {
    "line": 257,
    "message": "2025-10-15T18:55:47.857994-07:00 oDoozy kernel: ... value mask:             0000ffffffffffff"
  },
  {
    "line": 258,
    "message": "2025-10-15T18:55:47.857995-07:00 oDoozy kernel: ... max period:             00007fffffffffff"
  },
  {
    "line": 259,
    "message": "2025-10-15T18:55:47.857996-07:00 oDoozy kernel: ... fixed-purpose events:   4"
  },
  {
    "line": 260,
    "message": "2025-10-15T18:55:47.857997-07:00 oDoozy kernel: ... event mask:             0001000f000000ff"
  },
  {
    "line": 261,
    "message": "2025-10-15T18:55:47.857998-07:00 oDoozy kernel: signal: max sigframe size: 3632"
  },
  {
    "line": 262,
    "message": "2025-10-15T18:55:47.857999-07:00 oDoozy kernel: rcu: Hierarchical SRCU implementation."
  },
  {
    "line": 263,
    "message": "2025-10-15T18:55:47.858000-07:00 oDoozy kernel: rcu: \tMax phase no-delay instances is 1000."
  },
  {
    "line": 264,
    "message": "2025-10-15T18:55:47.858001-07:00 oDoozy kernel: smp: Bringing up secondary CPUs ..."
  },
  {
    "line": 265,
    "message": "2025-10-15T18:55:47.858001-07:00 oDoozy kernel: smpboot: x86: Booting SMP configuration:"
  },
  {
    "line": 266,
    "message": "2025-10-15T18:55:47.858002-07:00 oDoozy kernel: .... node  #0, CPUs:        #2  #4  #6  #8 #10 #12 #14  #1  #3  #5  #7  #9 #11 #13 #15"
  },
  {
    "line": 267,
    "message": "2025-10-15T18:55:47.858004-07:00 oDoozy kernel: smp: Brought up 1 node, 16 CPUs"
  },
  {
    "line": 268,
    "message": "2025-10-15T18:55:47.858005-07:00 oDoozy kernel: smpboot: Max logical packages: 1"
  },
  {
    "line": 269,
    "message": "2025-10-15T18:55:47.858006-07:00 oDoozy kernel: smpboot: Total of 16 processors activated (73728.00 BogoMIPS)"
  },
  {
    "line": 270,
    "message": "2025-10-15T18:55:47.858007-07:00 oDoozy kernel: node 0 deferred pages initialised in 12ms"
  },
  {
    "line": 271,
    "message": "2025-10-15T18:55:47.858008-07:00 oDoozy kernel: devtmpfs: initialized"
  },
  {
    "line": 272,
    "message": "2025-10-15T18:55:47.858008-07:00 oDoozy kernel: x86/mm: Memory block size: 128MB"
  },
  {
    "line": 273,
    "message": "2025-10-15T18:55:47.858009-07:00 oDoozy kernel: clocksource: jiffies: mask: 0xffffffff max_cycles: 0xffffffff, max_idle_ns: 7645041785100000 ns"
  },
  {
    "line": 274,
    "message": "2025-10-15T18:55:47.858010-07:00 oDoozy kernel: futex hash table entries: 4096 (order: 6, 262144 bytes, linear)"
  },
  {
    "line": 275,
    "message": "2025-10-15T18:55:47.857866-07:00 oDoozy systemd[1]: Started apt-daily-upgrade.timer - Daily apt upgrade and clean activities."
  },
  {
    "line": 276,
    "message": "2025-10-15T18:55:47.858041-07:00 oDoozy systemd[1]: Started dpkg-db-backup.timer - Daily dpkg database backup timer."
  },
  {
    "line": 277,
    "message": "2025-10-15T18:55:47.858116-07:00 oDoozy kernel: pinctrl core: initialized pinctrl subsystem"
  },
  {
    "line": 278,
    "message": "2025-10-15T18:55:47.858118-07:00 oDoozy kernel: NET: Registered PF_NETLINK/PF_ROUTE protocol family"
  },
  {
    "line": 279,
    "message": "2025-10-15T18:55:47.858119-07:00 oDoozy kernel: DMA: preallocated 1024 KiB GFP_KERNEL pool for atomic allocations"
  },
  {
    "line": 280,
    "message": "2025-10-15T18:55:47.858120-07:00 oDoozy kernel: DMA: preallocated 1024 KiB GFP_KERNEL|GFP_DMA32 pool for atomic allocations"
  },
  {
    "line": 281,
    "message": "2025-10-15T18:55:47.858121-07:00 oDoozy kernel: audit: initializing netlink subsys (disabled)"
  },
  {
    "line": 282,
    "message": "2025-10-15T18:55:47.858121-07:00 oDoozy kernel: audit: type=2000 audit(1760579728.032:1): state=initialized audit_enabled=0 res=1"
  },
  {
    "line": 283,
    "message": "2025-10-15T18:55:47.858122-07:00 oDoozy kernel: thermal_sys: Registered thermal governor 'step_wise'"
  },
  {
    "line": 284,
    "message": "2025-10-15T18:55:47.858123-07:00 oDoozy kernel: thermal_sys: Registered thermal governor 'user_space'"
  },
  {
    "line": 285,
    "message": "2025-10-15T18:55:47.858124-07:00 oDoozy kernel: cpuidle: using governor ladder"
  },
  {
    "line": 286,
    "message": "2025-10-15T18:55:47.858125-07:00 oDoozy kernel: cpuidle: using governor menu"
  },
  {
    "line": 287,
    "message": "2025-10-15T18:55:47.858126-07:00 oDoozy kernel: acpiphp: ACPI Hot Plug PCI Controller Driver version: 0.5"
  },
  {
    "line": 288,
    "message": "2025-10-15T18:55:47.858127-07:00 oDoozy kernel: dca service started, version 1.12.1"
  },
  {
    "line": 289,
    "message": "2025-10-15T18:55:47.858128-07:00 oDoozy kernel: PCI: Fatal: No config space access function found"
  },
  {
    "line": 290,
    "message": "2025-10-15T18:55:47.858129-07:00 oDoozy kernel: kprobes: kprobe jump-optimization is enabled. All kprobes are optimized if possible."
  },
  {
    "line": 291,
    "message": "2025-10-15T18:55:47.858130-07:00 oDoozy kernel: HugeTLB: registered 1.00 GiB page size, pre-allocated 0 pages"
  },
  {
    "line": 292,
    "message": "2025-10-15T18:55:47.858131-07:00 oDoozy kernel: HugeTLB: 16380 KiB vmemmap can be freed for a 1.00 GiB page"
  },
  {
    "line": 293,
    "message": "2025-10-15T18:55:47.858133-07:00 oDoozy kernel: HugeTLB: registered 2.00 MiB page size, pre-allocated 0 pages"
  },
  {
    "line": 294,
    "message": "2025-10-15T18:55:47.858134-07:00 oDoozy kernel: HugeTLB: 28 KiB vmemmap can be freed for a 2.00 MiB page"
  },
  {
    "line": 295,
    "message": "2025-10-15T18:55:47.858134-07:00 oDoozy kernel: cryptd: max_cpu_qlen set to 1000"
  },
  {
    "line": 296,
    "message": "2025-10-15T18:55:47.858135-07:00 oDoozy kernel: ACPI: Added _OSI(Module Device)"
  },
  {
    "line": 297,
    "message": "2025-10-15T18:55:47.858136-07:00 oDoozy kernel: ACPI: Added _OSI(Processor Device)"
  },
  {
    "line": 298,
    "message": "2025-10-15T18:55:47.858124-07:00 oDoozy systemd[1]: Started e2scrub_all.timer - Periodic ext4 Online Metadata Check for All Filesystems."
  },
  {
    "line": 299,
    "message": "2025-10-15T18:55:47.858137-07:00 oDoozy kernel: ACPI: Added _OSI(3.0 _SCP Extensions)"
  },
  {
    "line": 300,
    "message": "2025-10-15T18:55:47.858140-07:00 oDoozy kernel: ACPI: Added _OSI(Processor Aggregator Device)"
  },
  {
    "line": 301,
    "message": "2025-10-15T18:55:47.858141-07:00 oDoozy kernel: ACPI: 1 ACPI AML tables successfully acquired and loaded"
  },
  {
    "line": 302,
    "message": "2025-10-15T18:55:47.858142-07:00 oDoozy kernel: ACPI: _OSC evaluation for CPUs failed, trying _PDC"
  },
  {
    "line": 303,
    "message": "2025-10-15T18:55:47.858143-07:00 oDoozy kernel: ACPI: Interpreter enabled"
  },
  {
    "line": 304,
    "message": "2025-10-15T18:55:47.858144-07:00 oDoozy kernel: ACPI: PM: (supports S0 S5)"
  },
  {
    "line": 305,
    "message": "2025-10-15T18:55:47.858145-07:00 oDoozy kernel: ACPI: Using IOAPIC for interrupt routing"
  },
  {
    "line": 306,
    "message": "2025-10-15T18:55:47.858146-07:00 oDoozy kernel: PCI: Using host bridge windows from ACPI; if necessary, use \"pci=nocrs\" and report a bug"
  },
  {
    "line": 307,
    "message": "2025-10-15T18:55:47.858325-07:00 oDoozy kernel: PCI: Using E820 reservations for host bridge windows"
  },
  {
    "line": 308,
    "message": "2025-10-15T18:55:47.858328-07:00 oDoozy kernel: ACPI: Enabled 2 GPEs in block 00 to 0F"
  },
  {
    "line": 309,
    "message": "2025-10-15T18:55:47.858328-07:00 oDoozy kernel: iommu: Default domain type: Translated"
  },
  {
    "line": 310,
    "message": "2025-10-15T18:55:47.858330-07:00 oDoozy kernel: iommu: DMA domain TLB invalidation policy: lazy mode"
  },
  {
    "line": 311,
    "message": "2025-10-15T18:55:47.858142-07:00 oDoozy systemd[1]: fstrim.timer - Discard unused filesystem blocks once a week was skipped because of an unmet condition check (ConditionVirtualization=!container)."
  },
  {
    "line": 312,
    "message": "2025-10-15T18:55:47.858331-07:00 oDoozy kernel: SCSI subsystem initialized"
  },
  {
    "line": 313,
    "message": "2025-10-15T18:55:47.858348-07:00 oDoozy kernel: libata version 3.00 loaded."
  },
  {
    "line": 314,
    "message": "2025-10-15T18:55:47.858350-07:00 oDoozy kernel: pps_core: LinuxPPS API ver. 1 registered"
  },
  {
    "line": 315,
    "message": "2025-10-15T18:55:47.858351-07:00 oDoozy kernel: pps_core: Software ver. 5.3.6 - Copyright 2005-2007 Rodolfo Giometti <giometti@linux.it>"
  },
  {
    "line": 316,
    "message": "2025-10-15T18:55:47.858370-07:00 oDoozy kernel: PTP clock support registered"
  },
  {
    "line": 317,
    "message": "2025-10-15T18:55:47.858371-07:00 oDoozy kernel: EDAC MC: Ver: 3.0.0"
  },
  {
    "line": 318,
    "message": "2025-10-15T18:55:47.858373-07:00 oDoozy kernel: hv_vmbus: Vmbus version:5.3"
  },
  {
    "line": 319,
    "message": "2025-10-15T18:55:47.858374-07:00 oDoozy kernel: hv_vmbus: Unknown GUID: 6e382d18-3336-4f4b-acc4-2b7703d4df4a"
  },
  {
    "line": 320,
    "message": "2025-10-15T18:55:47.858375-07:00 oDoozy kernel: hv_vmbus: Unknown GUID: dde9cbc0-5060-4436-9448-ea1254a5d177"
  },
  {
    "line": 321,
    "message": "2025-10-15T18:55:47.858375-07:00 oDoozy kernel: NetLabel: Initializing"
  },
  {
    "line": 322,
    "message": "2025-10-15T18:55:47.858381-07:00 oDoozy kernel: NetLabel:  domain hash size = 128"
  },
  {
    "line": 323,
    "message": "2025-10-15T18:55:47.858381-07:00 oDoozy kernel: NetLabel:  protocols = UNLABELED CIPSOv4 CALIPSO"
  },
  {
    "line": 324,
    "message": "2025-10-15T18:55:47.858383-07:00 oDoozy kernel: NetLabel:  unlabeled traffic allowed by default"
  },
  {
    "line": 325,
    "message": "2025-10-15T18:55:47.858383-07:00 oDoozy kernel: PCI: Using ACPI for IRQ routing"
  },
  {
    "line": 326,
    "message": "2025-10-15T18:55:47.858384-07:00 oDoozy kernel: PCI: System does not support PCI"
  },
  {
    "line": 327,
    "message": "2025-10-15T18:55:47.858385-07:00 oDoozy kernel: vgaarb: loaded"
  },
  {
    "line": 328,
    "message": "2025-10-15T18:55:47.858386-07:00 oDoozy kernel: clocksource: Switched to clocksource tsc-early"
  },
  {
    "line": 329,
    "message": "2025-10-15T18:55:47.858386-07:00 oDoozy kernel: VFS: Disk quotas dquot_6.6.0"
  },
  {
    "line": 330,
    "message": "2025-10-15T18:55:47.858387-07:00 oDoozy kernel: VFS: Dquot-cache hash table entries: 512 (order 0, 4096 bytes)"
  },
  {
    "line": 331,
    "message": "2025-10-15T18:55:47.858388-07:00 oDoozy kernel: FS-Cache: Loaded"
  },
  {
    "line": 332,
    "message": "2025-10-15T18:55:47.858389-07:00 oDoozy kernel: pnp: PnP ACPI init"
  },
  {
    "line": 333,
    "message": "2025-10-15T18:55:47.858390-07:00 oDoozy kernel: pnp: PnP ACPI: found 1 devices"
  },
  {
    "line": 334,
    "message": "2025-10-15T18:55:47.858391-07:00 oDoozy kernel: clocksource: acpi_pm: mask: 0xffffff max_cycles: 0xffffff, max_idle_ns: 2085701024 ns"
  },
  {
    "line": 335,
    "message": "2025-10-15T18:55:47.858392-07:00 oDoozy kernel: NET: Registered PF_INET protocol family"
  },
  {
    "line": 336,
    "message": "2025-10-15T18:55:47.858393-07:00 oDoozy kernel: IP idents hash table entries: 131072 (order: 8, 1048576 bytes, linear)"
  },
  {
    "line": 337,
    "message": "2025-10-15T18:55:47.858394-07:00 oDoozy kernel: tcp_listen_portaddr_hash hash table entries: 4096 (order: 4, 65536 bytes, linear)"
  },
  {
    "line": 338,
    "message": "2025-10-15T18:55:47.858394-07:00 oDoozy kernel: Table-perturb hash table entries: 65536 (order: 6, 262144 bytes, linear)"
  },
  {
    "line": 339,
    "message": "2025-10-15T18:55:47.858395-07:00 oDoozy kernel: TCP established hash table entries: 65536 (order: 7, 524288 bytes, linear)"
  },
  {
    "line": 340,
    "message": "2025-10-15T18:55:47.858396-07:00 oDoozy kernel: TCP bind hash table entries: 65536 (order: 9, 2097152 bytes, linear)"
  },
  {
    "line": 341,
    "message": "2025-10-15T18:55:47.858397-07:00 oDoozy kernel: TCP: Hash tables configured (established 65536 bind 65536)"
  },
  {
    "line": 342,
    "message": "2025-10-15T18:55:47.858398-07:00 oDoozy kernel: UDP hash table entries: 4096 (order: 5, 131072 bytes, linear)"
  },
  {
    "line": 343,
    "message": "2025-10-15T18:55:47.858399-07:00 oDoozy kernel: UDP-Lite hash table entries: 4096 (order: 5, 131072 bytes, linear)"
  },
  {
    "line": 344,
    "message": "2025-10-15T18:55:47.858399-07:00 oDoozy kernel: NET: Registered PF_UNIX/PF_LOCAL protocol family"
  },
  {
    "line": 345,
    "message": "2025-10-15T18:55:47.858400-07:00 oDoozy kernel: NET: Registered PF_XDP protocol family"
  },
  {
    "line": 346,
    "message": "2025-10-15T18:55:47.858401-07:00 oDoozy kernel: PCI: CLS 0 bytes, default 64"
  },
  {
    "line": 347,
    "message": "2025-10-15T18:55:47.858402-07:00 oDoozy kernel: PCI-DMA: Using software bounce buffering for IO (SWIOTLB)"
  },
  {
    "line": 348,
    "message": "2025-10-15T18:55:47.858403-07:00 oDoozy kernel: software IO TLB: mapped [mem 0x00000000f4000000-0x00000000f8000000] (64MB)"
  },
  {
    "line": 349,
    "message": "2025-10-15T18:55:47.858404-07:00 oDoozy kernel: Trying to unpack rootfs image as initramfs..."
  },
  {
    "line": 350,
    "message": "2025-10-15T18:55:47.858405-07:00 oDoozy kernel: Freeing initrd memory: 2672K"
  },
  {
    "line": 351,
    "message": "2025-10-15T18:55:47.858406-07:00 oDoozy kernel: RAPL PMU: API unit is 2^-32 Joules, 0 fixed counters, 10737418240 ms ovfl timer"
  },
  {
    "line": 352,
    "message": "2025-10-15T18:55:47.858407-07:00 oDoozy kernel: clocksource: tsc: mask: 0xffffffffffffffff max_cycles: 0x2135f7c97c8, max_idle_ns: 440795273205 ns"
  },
  {
    "line": 353,
    "message": "2025-10-15T18:55:47.858408-07:00 oDoozy kernel: clocksource: Switched to clocksource tsc"
  },
  {
    "line": 354,
    "message": "2025-10-15T18:55:47.858409-07:00 oDoozy kernel: Initialise system trusted keyrings"
  },
  {
    "line": 355,
    "message": "2025-10-15T18:55:47.858410-07:00 oDoozy kernel: Key type blacklist registered"
  },
  {
    "line": 356,
    "message": "2025-10-15T18:55:47.858411-07:00 oDoozy kernel: workingset: timestamp_bits=36 max_order=21 bucket_order=0"
  },
  {
    "line": 357,
    "message": "2025-10-15T18:55:47.858412-07:00 oDoozy kernel: squashfs: version 4.0 (2009/01/31) Phillip Lougher"
  },
  {
    "line": 358,
    "message": "2025-10-15T18:55:47.858413-07:00 oDoozy kernel: fuse: init (API version 7.39)"
  },
  {
    "line": 359,
    "message": "2025-10-15T18:55:47.858413-07:00 oDoozy kernel: SGI XFS with ACLs, security attributes, realtime, verbose warnings, quota, no debug enabled"
  },
  {
    "line": 360,
    "message": "2025-10-15T18:55:47.858414-07:00 oDoozy kernel: 9p: Installing v9fs 9p2000 file system support"
  },
  {
    "line": 361,
    "message": "2025-10-15T18:55:47.858415-07:00 oDoozy kernel: Key type asymmetric registered"
  },
  {
    "line": 362,
    "message": "2025-10-15T18:55:47.858352-07:00 oDoozy systemd[1]: Started logrotate.timer - Daily rotation of log files."
  },
  {
    "line": 363,
    "message": "2025-10-15T18:55:47.858433-07:00 oDoozy systemd[1]: Started man-db.timer - Daily man-db regeneration."
  },
  {
    "line": 364,
    "message": "2025-10-15T18:55:47.858443-07:00 oDoozy systemd[1]: Started motd-news.timer - Message of the Day."
  },
  {
    "line": 365,
    "message": "2025-10-15T18:55:47.858448-07:00 oDoozy systemd[1]: snapd.snap-repair.timer - Timer to automatically fetch and run repair assertions was skipped because no trigger condition checks were met."
  },
  {
    "line": 366,
    "message": "2025-10-15T18:55:47.858453-07:00 oDoozy systemd[1]: Reached target timers.target - Timer Units."
  },
  {
    "line": 367,
    "message": "2025-10-15T18:55:47.858458-07:00 oDoozy systemd[1]: Listening on apport-forward.socket - Unix socket for apport crash forwarding."
  },
  {
    "line": 368,
    "message": "2025-10-15T18:55:47.858416-07:00 oDoozy kernel: Asymmetric key parser 'x509' registered"
  },
  {
    "line": 369,
    "message": "2025-10-15T18:55:47.858464-07:00 oDoozy systemd[1]: Listening on dbus.socket - D-Bus System Message Bus Socket."
  },
  {
    "line": 370,
    "message": "2025-10-15T18:55:47.858469-07:00 oDoozy systemd[1]: Starting snapd.socket - Socket activation for snappy daemon..."
  },
  {
    "line": 371,
    "message": "2025-10-15T18:55:47.858469-07:00 oDoozy kernel: Block layer SCSI generic (bsg) driver version 0.4 loaded (major 245)"
  },
  {
    "line": 372,
    "message": "2025-10-15T18:55:47.858477-07:00 oDoozy kernel: io scheduler mq-deadline registered"
  },
  {
    "line": 373,
    "message": "2025-10-15T18:55:47.858476-07:00 oDoozy systemd[1]: Listening on uuidd.socket - UUID daemon activation socket."
  },
  {
    "line": 374,
    "message": "2025-10-15T18:55:47.858478-07:00 oDoozy kernel: io scheduler kyber registered"
  },
  {
    "line": 375,
    "message": "2025-10-15T18:55:47.858481-07:00 oDoozy kernel: hv_vmbus: registering driver hv_pci"
  },
  {
    "line": 376,
    "message": "2025-10-15T18:55:47.858483-07:00 oDoozy kernel: hv_pci c4b741f5-5582-4c98-8f8b-2e082933c396: PCI VMBus probing: Using version 0x10004"
  },
  {
    "line": 377,
    "message": "2025-10-15T18:55:47.858484-07:00 oDoozy kernel: hv_pci c4b741f5-5582-4c98-8f8b-2e082933c396: PCI host bridge to bus 5582:00"
  },
  {
    "line": 378,
    "message": "2025-10-15T18:55:47.858482-07:00 oDoozy systemd[1]: systemd-pcrphase-sysinit.service - TPM2 PCR Barrier (Initialization) was skipped because of an unmet condition check (ConditionSecurity=measured-uki)."
  },
  {
    "line": 379,
    "message": "2025-10-15T18:55:47.858486-07:00 oDoozy kernel: pci_bus 5582:00: root bus resource [mem 0x9ffe00000-0x9ffe02fff window]"
  },
  {
    "line": 380,
    "message": "2025-10-15T18:55:47.858488-07:00 oDoozy kernel: pci_bus 5582:00: No busn resource found for root bus, will use [bus 00-ff]"
  },
  {
    "line": 381,
    "message": "2025-10-15T18:55:47.858489-07:00 oDoozy kernel: pci 5582:00:00.0: [1af4:1043] type 00 class 0x010000"
  },
  {
    "line": 382,
    "message": "2025-10-15T18:55:47.858489-07:00 oDoozy kernel: pci 5582:00:00.0: reg 0x10: [mem 0x9ffe00000-0x9ffe00fff 64bit]"
  },
  {
    "line": 383,
    "message": "2025-10-15T18:55:47.858494-07:00 oDoozy kernel: pci 5582:00:00.0: reg 0x18: [mem 0x9ffe01000-0x9ffe01fff 64bit]"
  },
  {
    "line": 384,
    "message": "2025-10-15T18:55:47.858495-07:00 oDoozy kernel: pci 5582:00:00.0: reg 0x20: [mem 0x9ffe02000-0x9ffe02fff 64bit]"
  },
  {
    "line": 385,
    "message": "2025-10-15T18:55:47.858488-07:00 oDoozy systemd[1]: Listening on snapd.socket - Socket activation for snappy daemon."
  },
  {
    "line": 386,
    "message": "2025-10-15T18:55:47.858497-07:00 oDoozy kernel: pci_bus 5582:00: busn_res: [bus 00-ff] end is updated to 00"
  },
  {
    "line": 387,
    "message": "2025-10-15T18:55:47.858499-07:00 oDoozy kernel: pci 5582:00:00.0: BAR 0: assigned [mem 0x9ffe00000-0x9ffe00fff 64bit]"
  },
  {
    "line": 388,
    "message": "2025-10-15T18:55:47.858500-07:00 oDoozy kernel: pci 5582:00:00.0: BAR 2: assigned [mem 0x9ffe01000-0x9ffe01fff 64bit]"
  },
  {
    "line": 389,
    "message": "2025-10-15T18:55:47.858500-07:00 oDoozy kernel: pci 5582:00:00.0: BAR 4: assigned [mem 0x9ffe02000-0x9ffe02fff 64bit]"
  },
  {
    "line": 390,
    "message": "2025-10-15T18:55:47.858501-07:00 oDoozy kernel: hv_pci 49ac4d1e-e495-4d7b-8c18-2efb77f0a5ea: PCI VMBus probing: Using version 0x10004"
  },
  {
    "line": 391,
    "message": "2025-10-15T18:55:47.858502-07:00 oDoozy kernel: hv_pci 49ac4d1e-e495-4d7b-8c18-2efb77f0a5ea: PCI host bridge to bus e495:00"
  },
  {
    "line": 392,
    "message": "2025-10-15T18:55:47.858500-07:00 oDoozy systemd[1]: Reached target sockets.target - Socket Units."
  },
  {
    "line": 393,
    "message": "2025-10-15T18:55:47.858503-07:00 oDoozy kernel: pci_bus e495:00: No busn resource found for root bus, will use [bus 00-ff]"
  },
  {
    "line": 394,
    "message": "2025-10-15T18:55:47.858505-07:00 oDoozy kernel: pci e495:00:00.0: [1414:008e] type 00 class 0x030200"
  },
  {
    "line": 395,
    "message": "2025-10-15T18:55:47.858506-07:00 oDoozy kernel: pci_bus e495:00: busn_res: [bus 00-ff] end is updated to 00"
  },
  {
    "line": 396,
    "message": "2025-10-15T18:55:47.858507-07:00 oDoozy kernel: ioatdma: Intel(R) QuickData Technology Driver 5.00"
  },
  {
    "line": 397,
    "message": "2025-10-15T18:55:47.858508-07:00 oDoozy kernel: virtio-pci 5582:00:00.0: enabling device (0000 -> 0002)"
  },
  {
    "line": 398,
    "message": "2025-10-15T18:55:47.858509-07:00 oDoozy kernel: Serial: 8250/16550 driver, 8 ports, IRQ sharing enabled"
  },
  {
    "line": 399,
    "message": "2025-10-15T18:55:47.858571-07:00 oDoozy kernel: Linux agpgart interface v0.103"
  },
  {
    "line": 400,
    "message": "2025-10-15T18:55:47.858576-07:00 oDoozy kernel: AMD-Vi: AMD IOMMUv2 functionality not available on this system - This is not a bug."
  },
  {
    "line": 401,
    "message": "2025-10-15T18:55:47.858578-07:00 oDoozy kernel: ACPI: bus type drm_connector registered"
  },
  {
    "line": 402,
    "message": "2025-10-15T18:55:47.858579-07:00 oDoozy kernel: printk: console [hvc0] enabled"
  },
  {
    "line": 403,
    "message": "2025-10-15T18:55:47.858580-07:00 oDoozy kernel: brd: module loaded"
  },
  {
    "line": 404,
    "message": "2025-10-15T18:55:47.858580-07:00 oDoozy kernel: loop: module loaded"
  },
  {
    "line": 405,
    "message": "2025-10-15T18:55:47.858581-07:00 oDoozy kernel: Loading iSCSI transport class v2.0-870."
  },
  {
    "line": 406,
    "message": "2025-10-15T18:55:47.858582-07:00 oDoozy kernel: rdac: device handler registered"
  },
  {
    "line": 407,
    "message": "2025-10-15T18:55:47.858583-07:00 oDoozy kernel: Microchip SmartPQI Driver (v2.1.24-046)"
  },
  {
    "line": 408,
    "message": "2025-10-15T18:55:47.858507-07:00 oDoozy systemd[1]: Reached target basic.target - Basic System."
  },
  {
    "line": 409,
    "message": "2025-10-15T18:55:47.858673-07:00 oDoozy kernel: VMware PVSCSI driver - version 1.0.7.0-k"
  },
  {
    "line": 410,
    "message": "2025-10-15T18:55:47.858676-07:00 oDoozy kernel: hv_vmbus: registering driver hv_storvsc"
  },
  {
    "line": 411,
    "message": "2025-10-15T18:55:47.858677-07:00 oDoozy kernel: PPP generic driver version 2.4.2"
  },
  {
    "line": 412,
    "message": "2025-10-15T18:55:47.858678-07:00 oDoozy kernel: VMware vmxnet3 virtual NIC driver - version 1.7.0.0-k-NAPI"
  },
  {
    "line": 413,
    "message": "2025-10-15T18:55:47.858678-07:00 oDoozy kernel: scsi host0: storvsc_host_t"
  },
  {
    "line": 414,
    "message": "2025-10-15T18:55:47.858679-07:00 oDoozy kernel: hv_vmbus: registering driver hv_netvsc"
  },
  {
    "line": 415,
    "message": "2025-10-15T18:55:47.858672-07:00 oDoozy systemd[1]: apport.service - automatic crash report generation was skipped because of an unmet condition check (ConditionVirtualization=!container)."
  },
  {
    "line": 416,
    "message": "2025-10-15T18:55:47.858681-07:00 oDoozy kernel: Fusion MPT base driver 3.04.20"
  },
  {
    "line": 417,
    "message": "2025-10-15T18:55:47.858683-07:00 oDoozy kernel: Copyright (c) 1999-2008 LSI Corporation"
  },
  {
    "line": 418,
    "message": "2025-10-15T18:55:47.858684-07:00 oDoozy kernel: Fusion MPT SPI Host driver 3.04.20"
  },
  {
    "line": 419,
    "message": "2025-10-15T18:55:47.858685-07:00 oDoozy kernel: Fusion MPT SAS Host driver 3.04.20"
  },
  {
    "line": 420,
    "message": "2025-10-15T18:55:47.858684-07:00 oDoozy systemd[1]: Started cron.service - Regular background program processing daemon."
  },
  {
    "line": 421,
    "message": "2025-10-15T18:55:47.858686-07:00 oDoozy kernel: Fusion MPT misc device (ioctl) driver 3.04.20"
  },
  {
    "line": 422,
    "message": "2025-10-15T18:55:47.858688-07:00 oDoozy kernel: mptctl: Registered with Fusion MPT base driver"
  },
  {
    "line": 423,
    "message": "2025-10-15T18:55:47.858689-07:00 oDoozy kernel: mptctl: /dev/mptctl @ (major,minor=10,220)"
  },
  {
    "line": 424,
    "message": "2025-10-15T18:55:47.858689-07:00 oDoozy kernel: i8042: PNP: No PS/2 controller found."
  },
  {
    "line": 425,
    "message": "2025-10-15T18:55:47.858688-07:00 oDoozy systemd[1]: Starting dbus.service - D-Bus System Message Bus..."
  },
  {
    "line": 426,
    "message": "2025-10-15T18:55:47.858690-07:00 oDoozy kernel: hv_vmbus: registering driver hyperv_keyboard"
  },
  {
    "line": 427,
    "message": "2025-10-15T18:55:47.858693-07:00 oDoozy kernel: rtc_cmos 00:00: RTC can wake from S4"
  },
  {
    "line": 428,
    "message": "2025-10-15T18:55:47.858694-07:00 oDoozy kernel: rtc_cmos 00:00: registered as rtc0"
  },
  {
    "line": 429,
    "message": "2025-10-15T18:55:47.858695-07:00 oDoozy kernel: rtc_cmos 00:00: setting system clock to 2025-10-16T01:55:28 UTC (1760579728)"
  },
  {
    "line": 430,
    "message": "2025-10-15T18:55:47.858693-07:00 oDoozy systemd[1]: Started dmesg.service - Save initial kernel messages after boot."
  },
  {
    "line": 431,
    "message": "2025-10-15T18:55:47.858696-07:00 oDoozy kernel: rtc_cmos 00:00: alarms up to one month, 114 bytes nvram"
  },
  {
    "line": 432,
    "message": "2025-10-15T18:55:47.858697-07:00 oDoozy kernel: device-mapper: core: CONFIG_IMA_DISABLE_HTABLE is disabled. Duplicate IMA measurements will not be recorded in the IMA log."
  },
  {
    "line": 433,
    "message": "2025-10-15T18:55:47.858698-07:00 oDoozy kernel: device-mapper: uevent: version 1.0.3"
  },
  {
    "line": 434,
    "message": "2025-10-15T18:55:47.858699-07:00 oDoozy kernel: device-mapper: ioctl: 4.48.0-ioctl (2023-03-01) initialised: dm-devel@redhat.com"
  },
  {
    "line": 435,
    "message": "2025-10-15T18:55:47.858700-07:00 oDoozy kernel: intel_pstate: CPU model not supported"
  },
  {
    "line": 436,
    "message": "2025-10-15T18:55:47.858698-07:00 oDoozy (cron)[195]: cron.service: Referenced but unset environment variable evaluates to an empty string: EXTRA_OPTS"
  },
  {
    "line": 437,
    "message": "2025-10-15T18:55:47.858701-07:00 oDoozy kernel: hv_utils: Registering HyperV Utility Driver"
  },
  {
    "line": 438,
    "message": "2025-10-15T18:55:47.858702-07:00 oDoozy kernel: hv_vmbus: registering driver hv_utils"
  },
  {
    "line": 439,
    "message": "2025-10-15T18:55:47.858703-07:00 oDoozy kernel: hv_vmbus: registering driver hv_balloon"
  },
  {
    "line": 440,
    "message": "2025-10-15T18:55:47.858704-07:00 oDoozy kernel: hv_vmbus: registering driver dxgkrnl"
  },
  {
    "line": 441,
    "message": "2025-10-15T18:55:47.858704-07:00 oDoozy kernel: hv_utils: TimeSync IC version 4.0"
  },
  {
    "line": 442,
    "message": "2025-10-15T18:55:47.858705-07:00 oDoozy kernel: hv_balloon: Using Dynamic Memory protocol version 2.0"
  },
  {
    "line": 443,
    "message": "2025-10-15T18:55:47.858706-07:00 oDoozy kernel: Free page reporting enabled"
  },
  {
    "line": 444,
    "message": "2025-10-15T18:55:47.858704-07:00 oDoozy systemd[1]: Starting e2scrub_reap.service - Remove Stale Online ext4 Metadata Check Snapshots..."
  },
  {
    "line": 445,
    "message": "2025-10-15T18:55:47.858709-07:00 oDoozy kernel: hv_balloon: Cold memory discard hint enabled with order 9"
  },
  {
    "line": 446,
    "message": "2025-10-15T18:55:47.858710-07:00 oDoozy kernel: drop_monitor: Initializing network drop monitor service"
  },
  {
    "line": 447,
    "message": "2025-10-15T18:55:47.858711-07:00 oDoozy kernel: NET: Registered PF_INET6 protocol family"
  },
  {
    "line": 448,
    "message": "2025-10-15T18:55:47.858712-07:00 oDoozy kernel: Segment Routing with IPv6"
  },
  {
    "line": 449,
    "message": "2025-10-15T18:55:47.858713-07:00 oDoozy kernel: In-situ OAM (IOAM) with IPv6"
  },
  {
    "line": 450,
    "message": "2025-10-15T18:55:47.858713-07:00 oDoozy kernel: NET: Registered PF_PACKET protocol family"
  },
  {
    "line": 451,
    "message": "2025-10-15T18:55:47.858711-07:00 oDoozy systemd[1]: getty-static.service - getty on tty2-tty6 if dbus and logind are not available was skipped because of an unmet condition check (ConditionPathExists=!/usr/bin/dbus-daemon)."
  },
  {
    "line": 452,
    "message": "2025-10-15T18:55:47.858714-07:00 oDoozy kernel: 9pnet: Installing 9P2000 support"
  },
  {
    "line": 453,
    "message": "2025-10-15T18:55:47.858716-07:00 oDoozy kernel: NET: Registered PF_VSOCK protocol family"
  },
  {
    "line": 454,
    "message": "2025-10-15T18:55:47.858717-07:00 oDoozy kernel: hv_vmbus: registering driver hv_sock"
  },
  {
    "line": 455,
    "message": "2025-10-15T18:55:47.858717-07:00 oDoozy kernel: IPI shorthand broadcast: enabled"
  },
  {
    "line": 456,
    "message": "2025-10-15T18:55:47.858718-07:00 oDoozy kernel: AVX2 version of gcm_enc/dec engaged."
  },
  {
    "line": 457,
    "message": "2025-10-15T18:55:47.858717-07:00 oDoozy cron[195]: (CRON) INFO (pidfile fd = 3)"
  },
  {
    "line": 458,
    "message": "2025-10-15T18:55:47.858719-07:00 oDoozy kernel: AES CTR mode by8 optimization enabled"
  },
  {
    "line": 459,
    "message": "2025-10-15T18:55:47.858723-07:00 oDoozy kernel: sched_clock: Marking stable (404007448, 4736863)->(449563746, -40819435)"
  },
  {
    "line": 460,
    "message": "2025-10-15T18:55:47.858724-07:00 oDoozy kernel: registered taskstats version 1"
  },
  {
    "line": 461,
    "message": "2025-10-15T18:55:47.858726-07:00 oDoozy kernel: Loading compiled-in X.509 certificates"
  },
  {
    "line": 462,
    "message": "2025-10-15T18:55:47.858723-07:00 oDoozy systemd[1]: Starting landscape-client.service - Landscape client daemons..."
  },
  {
    "line": 463,
    "message": "2025-10-15T18:55:47.858727-07:00 oDoozy kernel: ima: No TPM chip found, activating TPM-bypass!"
  },
  {
    "line": 464,
    "message": "2025-10-15T18:55:47.858729-07:00 oDoozy kernel: ima: Allocated hash algorithm: sha256"
  },
  {
    "line": 465,
    "message": "2025-10-15T18:55:47.858729-07:00 oDoozy kernel: ima: No architecture policies found"
  },
  {
    "line": 466,
    "message": "2025-10-15T18:55:47.858731-07:00 oDoozy kernel: RAS: Correctable Errors collector initialized."
  },
  {
    "line": 467,
    "message": "2025-10-15T18:55:47.858779-07:00 oDoozy kernel: clk: Disabling unused clocks"
  },
  {
    "line": 468,
    "message": "2025-10-15T18:55:47.858781-07:00 oDoozy kernel: Freeing unused decrypted memory: 2028K"
  },
  {
    "line": 469,
    "message": "2025-10-15T18:55:47.858782-07:00 oDoozy kernel: Freeing unused kernel image (initmem) memory: 4492K"
  },
  {
    "line": 470,
    "message": "2025-10-15T18:55:47.858783-07:00 oDoozy kernel: Write protecting the kernel read-only data: 34816k"
  },
  {
    "line": 471,
    "message": "2025-10-15T18:55:47.858783-07:00 oDoozy kernel: Freeing unused kernel image (rodata/data gap) memory: 840K"
  },
  {
    "line": 472,
    "message": "2025-10-15T18:55:47.858784-07:00 oDoozy kernel: Run /init as init process"
  },
  {
    "line": 473,
    "message": "2025-10-15T18:55:47.858785-07:00 oDoozy kernel:   with arguments:"
  },
  {
    "line": 474,
    "message": "2025-10-15T18:55:47.858785-07:00 oDoozy kernel:     /init"
  },
  {
    "line": 475,
    "message": "2025-10-15T18:55:47.858786-07:00 oDoozy kernel:   with environment:"
  },
  {
    "line": 476,
    "message": "2025-10-15T18:55:47.858786-07:00 oDoozy kernel:     HOME=/"
  },
  {
    "line": 477,
    "message": "2025-10-15T18:55:47.858787-07:00 oDoozy kernel:     TERM=linux"
  },
  {
    "line": 478,
    "message": "2025-10-15T18:55:47.858787-07:00 oDoozy kernel:     WSL_ROOT_INIT=1"
  },
  {
    "line": 479,
    "message": "2025-10-15T18:55:47.858788-07:00 oDoozy kernel:     WSL_ENABLE_CRASH_DUMP=1"
  },
  {
    "line": 480,
    "message": "2025-10-15T18:55:47.858788-07:00 oDoozy kernel: hv_vmbus: Unknown GUID: 6e382d18-3336-4f4b-acc4-2b7703d4df4a"
  },
  {
    "line": 481,
    "message": "2025-10-15T18:55:47.858789-07:00 oDoozy kernel: hv_pci d1fedca1-f440-4646-81c3-70a622992da0: PCI VMBus probing: Using version 0x10004"
  },
  {
    "line": 482,
    "message": "2025-10-15T18:55:47.858789-07:00 oDoozy kernel: hv_pci d1fedca1-f440-4646-81c3-70a622992da0: PCI host bridge to bus f440:00"
  },
  {
    "line": 483,
    "message": "2025-10-15T18:55:47.858790-07:00 oDoozy kernel: pci_bus f440:00: No busn resource found for root bus, will use [bus 00-ff]"
  },
  {
    "line": 484,
    "message": "2025-10-15T18:55:47.858791-07:00 oDoozy kernel: pci f440:00:00.0: [1414:008e] type 00 class 0x030200"
  },
  {
    "line": 485,
    "message": "2025-10-15T18:55:47.858791-07:00 oDoozy kernel: pci_bus f440:00: busn_res: [bus 00-ff] end is updated to 00"
  },
  {
    "line": 486,
    "message": "2025-10-15T18:55:47.858792-07:00 oDoozy kernel: scsi 0:0:0:0: Direct-Access     Msft     Virtual Disk     1.0  PQ: 0 ANSI: 5"
  },
  {
    "line": 487,
    "message": "2025-10-15T18:55:47.858792-07:00 oDoozy kernel: scsi 0:0:0:1: Direct-Access     Msft     Virtual Disk     1.0  PQ: 0 ANSI: 5"
  },
  {
    "line": 488,
    "message": "2025-10-15T18:55:47.858793-07:00 oDoozy kernel: sd 0:0:0:0: Attached scsi generic sg0 type 0"
  },
  {
    "line": 489,
    "message": "2025-10-15T18:55:47.858793-07:00 oDoozy kernel: sd 0:0:0:0: [sda] 795536 512-byte logical blocks: (407 MB/388 MiB)"
  },
  {
    "line": 490,
    "message": "2025-10-15T18:55:47.858794-07:00 oDoozy kernel: sd 0:0:0:1: Attached scsi generic sg1 type 0"
  },
  {
    "line": 491,
    "message": "2025-10-15T18:55:47.858795-07:00 oDoozy kernel: sd 0:0:0:1: [sdb] 381016 512-byte logical blocks: (195 MB/186 MiB)"
  },
  {
    "line": 492,
    "message": "2025-10-15T18:55:47.858795-07:00 oDoozy kernel: sd 0:0:0:0: [sda] Write Protect is on"
  },
  {
    "line": 493,
    "message": "2025-10-15T18:55:47.858796-07:00 oDoozy kernel: sd 0:0:0:0: [sda] Mode Sense: 0f 00 80 00"
  },
  {
    "line": 494,
    "message": "2025-10-15T18:55:47.858796-07:00 oDoozy kernel: sd 0:0:0:0: [sda] Write cache: disabled, read cache: enabled, doesn't support DPO or FUA"
  },
  {
    "line": 495,
    "message": "2025-10-15T18:55:47.858797-07:00 oDoozy kernel: sd 0:0:0:1: [sdb] Write Protect is on"
  },
  {
    "line": 496,
    "message": "2025-10-15T18:55:47.858797-07:00 oDoozy kernel: sd 0:0:0:1: [sdb] Mode Sense: 0f 00 80 00"
  },
  {
    "line": 497,
    "message": "2025-10-15T18:55:47.858798-07:00 oDoozy kernel: sd 0:0:0:0: [sda] Attached SCSI disk"
  },
  {
    "line": 498,
    "message": "2025-10-15T18:55:47.858799-07:00 oDoozy kernel: sd 0:0:0:1: [sdb] Write cache: disabled, read cache: enabled, doesn't support DPO or FUA"
  },
  {
    "line": 499,
    "message": "2025-10-15T18:55:47.858799-07:00 oDoozy kernel: sd 0:0:0:1: [sdb] Attached SCSI disk"
  },
  {
    "line": 500,
    "message": "2025-10-15T18:55:47.858800-07:00 oDoozy kernel: scsi 0:0:0:2: Direct-Access     Msft     Virtual Disk     1.0  PQ: 0 ANSI: 5"
  },
  {
    "line": 501,
    "message": "2025-10-15T18:55:47.858800-07:00 oDoozy kernel: sd 0:0:0:2: Attached scsi generic sg2 type 0"
  },
  {
    "line": 502,
    "message": "2025-10-15T18:55:47.858801-07:00 oDoozy kernel: sd 0:0:0:2: [sdc] 4194312 512-byte logical blocks: (2.15 GB/2.00 GiB)"
  },
  {
    "line": 503,
    "message": "2025-10-15T18:55:47.858801-07:00 oDoozy kernel: sd 0:0:0:2: [sdc] 4096-byte physical blocks"
  },
  {
    "line": 504,
    "message": "2025-10-15T18:55:47.858802-07:00 oDoozy kernel: sd 0:0:0:2: [sdc] Write Protect is off"
  },
  {
    "line": 505,
    "message": "2025-10-15T18:55:47.858802-07:00 oDoozy kernel: sd 0:0:0:2: [sdc] Mode Sense: 0f 00 00 00"
  },
  {
    "line": 506,
    "message": "2025-10-15T18:55:47.858803-07:00 oDoozy kernel: sd 0:0:0:2: [sdc] Write cache: enabled, read cache: enabled, doesn't support DPO or FUA"
  },
  {
    "line": 507,
    "message": "2025-10-15T18:55:47.858803-07:00 oDoozy kernel: sd 0:0:0:2: [sdc] Attached SCSI disk"
  },
  {
    "line": 508,
    "message": "2025-10-15T18:55:47.858804-07:00 oDoozy kernel: EXT4-fs (sda): mounted filesystem 00000000-0000-0000-0000-000000000000 ro without journal. Quota mode: none."
  },
  {
    "line": 509,
    "message": "2025-10-15T18:55:47.858805-07:00 oDoozy kernel: EXT4-fs (sdb): mounted filesystem 00000000-0000-0000-0000-000000000000 ro without journal. Quota mode: none."
  },
  {
    "line": 510,
    "message": "2025-10-15T18:55:47.858805-07:00 oDoozy kernel: tun: Universal TUN/TAP device driver, 1.6"
  },
  {
    "line": 511,
    "message": "2025-10-15T18:55:47.858812-07:00 oDoozy kernel: bridge: filtering via arp/ip/ip6tables is no longer available by default. Update your scripts to load br_netfilter if you need this."
  },
  {
    "line": 512,
    "message": "2025-10-15T18:55:47.858814-07:00 oDoozy kernel: Bridge firewalling registered"
  },
  {
    "line": 513,
    "message": "2025-10-15T18:55:47.858814-07:00 oDoozy kernel: Adding 2097152k swap on /dev/sdc.  Priority:-2 extents:1 across:2097152k"
  },
  {
    "line": 514,
    "message": "2025-10-15T18:55:47.858815-07:00 oDoozy kernel: hv_pci 32ddb361-2482-49b4-9589-f4235f98539c: PCI VMBus probing: Using version 0x10004"
  },
  {
    "line": 515,
    "message": "2025-10-15T18:55:47.858816-07:00 oDoozy kernel: hv_pci 32ddb361-2482-49b4-9589-f4235f98539c: PCI host bridge to bus 2482:00"
  },
  {
    "line": 516,
    "message": "2025-10-15T18:55:47.858817-07:00 oDoozy kernel: pci_bus 2482:00: root bus resource [mem 0xc00000000-0xe00001fff window]"
  },
  {
    "line": 517,
    "message": "2025-10-15T18:55:47.858818-07:00 oDoozy kernel: pci_bus 2482:00: No busn resource found for root bus, will use [bus 00-ff]"
  },
  {
    "line": 518,
    "message": "2025-10-15T18:55:47.858819-07:00 oDoozy kernel: pci 2482:00:00.0: [1af4:105a] type 00 class 0x088000"
  },
  {
    "line": 519,
    "message": "2025-10-15T18:55:47.858820-07:00 oDoozy kernel: pci 2482:00:00.0: reg 0x10: [mem 0xe00000000-0xe00000fff 64bit]"
  },
  {
    "line": 520,
    "message": "2025-10-15T18:55:47.858821-07:00 oDoozy kernel: pci 2482:00:00.0: reg 0x18: [mem 0xe00001000-0xe00001fff 64bit]"
  },
  {
    "line": 521,
    "message": "2025-10-15T18:55:47.858821-07:00 oDoozy kernel: pci 2482:00:00.0: reg 0x20: [mem 0xc00000000-0xdffffffff 64bit]"
  },
  {
    "line": 522,
    "message": "2025-10-15T18:55:47.858822-07:00 oDoozy kernel: pci_bus 2482:00: busn_res: [bus 00-ff] end is updated to 00"
  },
  {
    "line": 523,
    "message": "2025-10-15T18:55:47.858823-07:00 oDoozy kernel: pci 2482:00:00.0: BAR 4: assigned [mem 0xc00000000-0xdffffffff 64bit]"
  },
  {
    "line": 524,
    "message": "2025-10-15T18:55:47.858824-07:00 oDoozy kernel: pci 2482:00:00.0: BAR 0: assigned [mem 0xe00000000-0xe00000fff 64bit]"
  },
  {
    "line": 525,
    "message": "2025-10-15T18:55:47.858825-07:00 oDoozy kernel: pci 2482:00:00.0: BAR 2: assigned [mem 0xe00001000-0xe00001fff 64bit]"
  },
  {
    "line": 526,
    "message": "2025-10-15T18:55:47.858826-07:00 oDoozy kernel: virtio-pci 2482:00:00.0: enabling device (0000 -> 0002)"
  },
  {
    "line": 527,
    "message": "2025-10-15T18:55:47.858827-07:00 oDoozy kernel: virtiofs virtio1: Cache len: 0x200000000 @ 0xc00000000"
  },
  {
    "line": 528,
    "message": "2025-10-15T18:55:47.858828-07:00 oDoozy kernel: scsi 0:0:0:3: Direct-Access     Msft     Virtual Disk     1.0  PQ: 0 ANSI: 5"
  },
  {
    "line": 529,
    "message": "2025-10-15T18:55:47.858828-07:00 oDoozy kernel: sd 0:0:0:3: Attached scsi generic sg3 type 0"
  },
  {
    "line": 530,
    "message": "2025-10-15T18:55:47.858829-07:00 oDoozy kernel: sd 0:0:0:3: [sdd] 2147483648 512-byte logical blocks: (1.10 TB/1.00 TiB)"
  },
  {
    "line": 531,
    "message": "2025-10-15T18:55:47.858830-07:00 oDoozy kernel: sd 0:0:0:3: [sdd] 4096-byte physical blocks"
  },
  {
    "line": 532,
    "message": "2025-10-15T18:55:47.858831-07:00 oDoozy kernel: sd 0:0:0:3: [sdd] Write Protect is off"
  },
  {
    "line": 533,
    "message": "2025-10-15T18:55:47.858832-07:00 oDoozy kernel: sd 0:0:0:3: [sdd] Mode Sense: 0f 00 00 00"
  },
  {
    "line": 534,
    "message": "2025-10-15T18:55:47.858730-07:00 oDoozy cron[195]: (CRON) INFO (Running @reboot jobs)"
  },
  {
    "line": 535,
    "message": "2025-10-15T18:55:47.858922-07:00 oDoozy systemd[1]: networkd-dispatcher.service - Dispatcher daemon for systemd-networkd was skipped because no trigger condition checks were met."
  },
  {
    "line": 536,
    "message": "2025-10-15T18:55:47.858935-07:00 oDoozy systemd[1]: Starting rsyslog.service - System Logging Service..."
  },
  {
    "line": 537,
    "message": "2025-10-15T18:55:47.858941-07:00 oDoozy systemd[1]: snapd.core-fixup.service - Automatically repair incorrect owner/permissions on core devices was skipped because no trigger condition checks were met."
  },
  {
    "line": 538,
    "message": "2025-10-15T18:55:47.858947-07:00 oDoozy systemd[1]: snapd.recovery-chooser-trigger.service - Wait for the Ubuntu Core chooser trigger was skipped because of an unmet condition check (ConditionPathExistsGlob=/dev/input/event*)."
  },
  {
    "line": 539,
    "message": "2025-10-15T18:55:47.858858-07:00 oDoozy kernel: sd 0:0:0:3: [sdd] Write cache: enabled, read cache: enabled, doesn't support DPO or FUA"
  },
  {
    "line": 540,
    "message": "2025-10-15T18:55:47.858953-07:00 oDoozy systemd[1]: Reached target getty-pre.target - Preparation for Logins."
  },
  {
    "line": 541,
    "message": "2025-10-15T18:55:47.858957-07:00 oDoozy kernel: sd 0:0:0:3: [sdd] Attached SCSI disk"
  },
  {
    "line": 542,
    "message": "2025-10-15T18:55:47.858960-07:00 oDoozy kernel: hv_storvsc fd1d2cbd-ce7c-535c-966b-eb5f811c95f0: tag#1215 cmd 0x2a status: scsi 0x0 srb 0x4 hv 0xc00000a1"
  },
  {
    "line": 543,
    "message": "2025-10-15T18:55:47.858958-07:00 oDoozy systemd[1]: Starting snapd.seeded.service - Wait until snapd is fully seeded..."
  },
  {
    "line": 544,
    "message": "2025-10-15T18:55:47.858961-07:00 oDoozy kernel: EXT4-fs (sdd): mounted filesystem f16ed477-8c49-45e5-bc32-422481d00cc8 r/w with ordered data mode. Quota mode: none."
  },
  {
    "line": 545,
    "message": "2025-10-15T18:55:47.858963-07:00 oDoozy kernel: WSL (266) ERROR: CheckConnection: getaddrinfo() failed: -5"
  },
  {
    "line": 546,
    "message": "2025-10-15T18:55:47.858964-07:00 oDoozy kernel: EXT4-fs (sdd): unmounting filesystem f16ed477-8c49-45e5-bc32-422481d00cc8."
  },
  {
    "line": 547,
    "message": "2025-10-15T18:55:47.858965-07:00 oDoozy kernel: EXT4-fs (sdd): mounted filesystem f16ed477-8c49-45e5-bc32-422481d00cc8 r/w with ordered data mode. Quota mode: none."
  },
  {
    "line": 548,
    "message": "2025-10-15T18:55:47.859167-07:00 oDoozy kernel: pulseaudio[304]: memfd_create() called without MFD_EXEC or MFD_NOEXEC_SEAL set"
  },
  {
    "line": 549,
    "message": "2025-10-15T18:55:47.859199-07:00 oDoozy kernel: misc dxg: dxgk: dxgkio_is_feature_enabled: Ioctl failed: -22"
  },
  {
    "line": 550,
    "message": "2025-10-15T18:55:47.858965-07:00 oDoozy systemd[1]: Starting snapd.service - Snap Daemon..."
  },
  {
    "line": 551,
    "message": "2025-10-15T18:55:47.859289-07:00 oDoozy kernel: misc dxg: dxgk: dxgkio_query_adapter_info: Ioctl failed: -22"
  },
  {
    "line": 552,
    "message": "2025-10-15T18:55:47.859290-07:00 oDoozy systemd[1]: Starting systemd-logind.service - User Login Management..."
  },
  {
    "line": 553,
    "message": "2025-10-15T18:55:47.859293-07:00 oDoozy kernel: message repeated 2 times: [ misc dxg: dxgk: dxgkio_query_adapter_info: Ioctl failed: -22]"
  },
  {
    "line": 554,
    "message": "2025-10-15T18:55:47.859295-07:00 oDoozy kernel: misc dxg: dxgk: dxgkio_query_adapter_info: Ioctl failed: -2"
  },
  {
    "line": 555,
    "message": "2025-10-15T18:55:47.859301-07:00 oDoozy kernel: misc dxg: dxgk: dxgkio_query_adapter_info: Ioctl failed: -22"
  },
  {
    "line": 556,
    "message": "2025-10-15T18:55:47.859303-07:00 oDoozy kernel: message repeated 2 times: [ misc dxg: dxgk: dxgkio_query_adapter_info: Ioctl failed: -22]"
  },
  {
    "line": 557,
    "message": "2025-10-15T18:55:47.859302-07:00 oDoozy systemd[1]: systemd-pcrphase.service - TPM2 PCR Barrier (User) was skipped because of an unmet condition check (ConditionSecurity=measured-uki)."
  },
  {
    "line": 558,
    "message": "2025-10-15T18:55:47.859304-07:00 oDoozy kernel: misc dxg: dxgk: dxgkio_query_adapter_info: Ioctl failed: -2"
  },
  {
    "line": 559,
    "message": "2025-10-15T18:55:47.859309-07:00 oDoozy kernel: Failed to connect to bus: No such file or directory"
  },
  {
    "line": 560,
    "message": "2025-10-15T18:55:47.859310-07:00 oDoozy kernel: systemd-journald[52]: Collecting audit messages is disabled."
  },
  {
    "line": 561,
    "message": "2025-10-15T18:55:47.859311-07:00 oDoozy kernel: systemd-journald[52]: Received client request to flush runtime journal."
  },
  {
    "line": 562,
    "message": "2025-10-15T18:55:47.859312-07:00 oDoozy kernel: ACPI: AC: AC Adapter [AC1] (off-line)"
  },
  {
    "line": 563,
    "message": "2025-10-15T18:55:47.859397-07:00 oDoozy kernel: ACPI: battery: Slot [BAT1] (battery present)"
  },
  {
    "line": 564,
    "message": "2025-10-15T18:55:47.859310-07:00 oDoozy systemd[1]: Starting systemd-user-sessions.service - Permit User Sessions..."
  },
  {
    "line": 565,
    "message": "2025-10-15T18:55:47.859453-07:00 oDoozy systemd[1]: ua-reboot-cmds.service - Ubuntu Pro reboot cmds was skipped because of an unmet condition check (ConditionPathExists=/var/lib/ubuntu-advantage/private/machine-token.json)."
  },
  {
    "line": 566,
    "message": "2025-10-15T18:55:47.859505-07:00 oDoozy systemd[1]: ubuntu-advantage.service - Ubuntu Pro Background Auto Attach was skipped because no trigger condition checks were met."
  },
  {
    "line": 567,
    "message": "2025-10-15T18:55:47.859512-07:00 oDoozy systemd[1]: Starting wsl-pro.service - Bridge to Ubuntu Pro agent on Windows..."
  },
  {
    "line": 568,
    "message": "2025-10-15T18:55:47.859519-07:00 oDoozy systemd[1]: Started dbus.service - D-Bus System Message Bus."
  },
  {
    "line": 569,
    "message": "2025-10-15T18:55:47.859525-07:00 oDoozy systemd[1]: e2scrub_reap.service: Deactivated successfully."
  },
  {
    "line": 570,
    "message": "2025-10-15T18:55:47.859529-07:00 oDoozy systemd[1]: Finished e2scrub_reap.service - Remove Stale Online ext4 Metadata Check Snapshots."
  },
  {
    "line": 571,
    "message": "2025-10-15T18:55:47.859533-07:00 oDoozy systemd[1]: Finished systemd-user-sessions.service - Permit User Sessions."
  },
  {
    "line": 572,
    "message": "2025-10-15T18:55:47.859537-07:00 oDoozy systemd[1]: Started console-getty.service - Console Getty."
  },
  {
    "line": 573,
    "message": "2025-10-15T18:55:47.859540-07:00 oDoozy systemd[1]: Starting setvtrgb.service - Set console scheme..."
  },
  {
    "line": 574,
    "message": "2025-10-15T18:55:47.859543-07:00 oDoozy systemd[1]: Finished setvtrgb.service - Set console scheme."
  },
  {
    "line": 575,
    "message": "2025-10-15T18:55:47.859547-07:00 oDoozy systemd[1]: Created slice system-getty.slice - Slice /system/getty."
  },
  {
    "line": 576,
    "message": "2025-10-15T18:55:47.859683-07:00 oDoozy systemd[1]: Started getty@tty1.service - Getty on tty1."
  },
  {
    "line": 577,
    "message": "2025-10-15T18:55:47.859694-07:00 oDoozy systemd[1]: Reached target getty.target - Login Prompts."
  },
  {
    "line": 578,
    "message": "2025-10-15T18:55:47.859742-07:00 oDoozy systemd[1]: Started systemd-logind.service - User Login Management."
  },
  {
    "line": 579,
    "message": "2025-10-15T18:55:47.859750-07:00 oDoozy systemd[1]: Started unattended-upgrades.service - Unattended Upgrades Shutdown."
  },
  {
    "line": 580,
    "message": "2025-10-15T18:55:47.859755-07:00 oDoozy snapd[205]: overlord.go:284: Acquiring state lock file"
  },
  {
    "line": 581,
    "message": "2025-10-15T18:55:47.859759-07:00 oDoozy snapd[205]: overlord.go:289: Acquired state lock file"
  },
  {
    "line": 582,
    "message": "2025-10-15T18:55:47.857685-07:00 oDoozy rsyslogd: imuxsock: Acquired UNIX socket '/run/systemd/journal/syslog' (fd 3) from systemd.  [v8.2312.0]"
  },
  {
    "line": 583,
    "message": "2025-10-15T18:55:47.857817-07:00 oDoozy rsyslogd: rsyslogd's groupid changed to 102"
  },
  {
    "line": 584,
    "message": "2025-10-15T18:55:47.857890-07:00 oDoozy systemd[1]: Started rsyslog.service - System Logging Service."
  },
  {
    "line": 585,
    "message": "2025-10-15T18:55:47.858030-07:00 oDoozy rsyslogd: rsyslogd's userid changed to 102"
  },
  {
    "line": 586,
    "message": "2025-10-15T18:55:47.858079-07:00 oDoozy rsyslogd: [origin software=\"rsyslogd\" swVersion=\"8.2312.0\" x-pid=\"228\" x-info=\"https://www.rsyslog.com\"] start"
  },
  {
    "line": 587,
    "message": "2025-10-15T18:55:47.864940-07:00 oDoozy wsl-pro-service[209]: #033[36mINFO#033[0m Starting WSL Pro Service version v0.1.4"
  },
  {
    "line": 588,
    "message": "2025-10-15T18:55:47.865245-07:00 oDoozy wsl-pro-service[209]: #033[37mDEBUG#033[0m Debug mode is enabled"
  },
  {
    "line": 589,
    "message": "2025-10-15T18:55:47.865283-07:00 oDoozy wsl-pro-service[209]: #033[37mDEBUG#033[0m Building new daemon"
  },
  {
    "line": 590,
    "message": "2025-10-15T18:55:47.899483-07:00 oDoozy snapd[205]: daemon.go:250: started snapd/2.68.5+ubuntu24.04.1 (series 16; classic; devmode; wsl) ubuntu/24.04 (amd64) linux/6.6.87.2-microsoft-standa."
  },
  {
    "line": 591,
    "message": "2025-10-15T18:55:47.916962-07:00 oDoozy kernel: kvm_intel: Using Hyper-V Enlightened VMCS"
  },
  {
    "line": 592,
    "message": "2025-10-15T18:55:47.934436-07:00 oDoozy systemd[1]: tmp-syscheck\\x2dmountpoint\\x2d4228705483.mount: Deactivated successfully."
  },
  {
    "line": 593,
    "message": "2025-10-15T18:55:47.937439-07:00 oDoozy snapd[205]: daemon.go:353: adjusting startup timeout by 30s (pessimistic estimate of 30s plus 5s per snap)"
  },
  {
    "line": 594,
    "message": "2025-10-15T18:55:47.963262-07:00 oDoozy wsl-pro-service[209]: #033[37mDEBUG#033[0m Ready state sent to systemd"
  },
  {
    "line": 595,
    "message": "2025-10-15T18:55:47.963346-07:00 oDoozy wsl-pro-service[209]: #033[36mINFO#033[0m Daemon: connecting to Windows Agent"
  },
  {
    "line": 596,
    "message": "2025-10-15T18:55:47.963424-07:00 oDoozy wsl-pro-service[209]: #033[37mDEBUG#033[0m Updated systemd status to \"Connecting\""
  },
  {
    "line": 597,
    "message": "2025-10-15T18:55:47.963534-07:00 oDoozy systemd[1]: Started wsl-pro.service - Bridge to Ubuntu Pro agent on Windows."
  },
  {
    "line": 598,
    "message": "2025-10-15T18:55:47.965671-07:00 oDoozy wsl-pro-service[209]: #033[33mWARNING#033[0m Daemon: could not connect to Windows Agent: could not get address: could not read agent port file \"/mnt/c/Users/ajtvz/.ubuntupro/.address\": open /mnt/c/Users/ajtvz/.ubuntupro/.address: no such file or directory"
  },
  {
    "line": 599,
    "message": "2025-10-15T18:55:47.965737-07:00 oDoozy wsl-pro-service[209]: #033[36mINFO#033[0m Reconnecting to Windows host in 1 seconds"
  },
  {
    "line": 600,
    "message": "2025-10-15T18:55:47.965804-07:00 oDoozy wsl-pro-service[209]: #033[37mDEBUG#033[0m Updated systemd status to \"Not connected: waiting to retry\""
  },
  {
    "line": 601,
    "message": "2025-10-15T18:55:47.967041-07:00 oDoozy snapd[205]: backends.go:68: AppArmor status: apparmor not enabled"
  },
  {
    "line": 602,
    "message": "2025-10-15T18:55:47.992895-07:00 oDoozy snapd[205]: helpers.go:159: error trying to compare the snap system key: system-key missing on disk"
  },
  {
    "line": 603,
    "message": "2025-10-15T18:55:48.082284-07:00 oDoozy systemd[1]: Started snapd.service - Snap Daemon."
  },
  {
    "line": 604,
    "message": "2025-10-15T18:55:48.239810-07:00 oDoozy dbus-daemon[196]: [system] Activating via systemd: service name='org.freedesktop.timedate1' unit='dbus-org.freedesktop.timedate1.service' requested by ':1.5' (uid=0 pid=205 comm=\"/usr/lib/snapd/snapd\" label=\"kernel\")"
  },
  {
    "line": 605,
    "message": "2025-10-15T18:55:48.270696-07:00 oDoozy systemd[1]: Starting systemd-timedated.service - Time & Date Service..."
  },
  {
    "line": 606,
    "message": "2025-10-15T18:55:48.340685-07:00 oDoozy dbus-daemon[196]: [system] Successfully activated service 'org.freedesktop.timedate1'"
  },
  {
    "line": 607,
    "message": "2025-10-15T18:55:48.341061-07:00 oDoozy systemd[1]: Started systemd-timedated.service - Time & Date Service."
  },
  {
    "line": 608,
    "message": "2025-10-15T18:55:48.810977-07:00 oDoozy landscape-config[202]: Registered:    False"
  },
  {
    "line": 609,
    "message": "2025-10-15T18:55:48.811213-07:00 oDoozy landscape-config[202]: Config Path:   /etc/landscape/client.conf"
  },
  {
    "line": 610,
    "message": "2025-10-15T18:55:48.811256-07:00 oDoozy landscape-config[202]: Data Path      /var/lib/landscape/client"
  },
  {
    "line": 611,
    "message": "2025-10-15T18:55:48.892714-07:00 oDoozy systemd[1]: landscape-client.service: Skipped due to 'exec-condition'."
  },
  {
    "line": 612,
    "message": "2025-10-15T18:55:48.893081-07:00 oDoozy systemd[1]: Condition check resulted in landscape-client.service - Landscape client daemons being skipped."
  },
  {
    "line": 613,
    "message": "2025-10-15T18:55:48.967178-07:00 oDoozy wsl-pro-service[209]: #033[36mINFO#033[0m Daemon: connecting to Windows Agent"
  },
  {
    "line": 614,
    "message": "2025-10-15T18:55:48.967385-07:00 oDoozy wsl-pro-service[209]: #033[37mDEBUG#033[0m Updated systemd status to \"Connecting\""
  },
  {
    "line": 615,
    "message": "2025-10-15T18:55:48.970869-07:00 oDoozy wsl-pro-service[209]: #033[33mWARNING#033[0m Daemon: could not connect to Windows Agent: could not get address: could not read agent port file \"/mnt/c/Users/ajtvz/.ubuntupro/.address\": open /mnt/c/Users/ajtvz/.ubuntupro/.address: no such file or directory"
  },
  {
    "line": 616,
    "message": "2025-10-15T18:55:48.970983-07:00 oDoozy wsl-pro-service[209]: #033[36mINFO#033[0m Reconnecting to Windows host in 2 seconds"
  },
  {
    "line": 617,
    "message": "2025-10-15T18:55:48.971064-07:00 oDoozy wsl-pro-service[209]: #033[37mDEBUG#033[0m Updated systemd status to \"Not connected: waiting to retry\""
  },
  {
    "line": 618,
    "message": "2025-10-15T18:55:49.614416-07:00 oDoozy kernel: TCP: eth0: Driver has suspect GRO implementation, TCP performance may be compromised."
  },
  {
    "line": 619,
    "message": "2025-10-15T18:55:50.973936-07:00 oDoozy wsl-pro-service[209]: #033[36mINFO#033[0m Daemon: connecting to Windows Agent"
  },
  {
    "line": 620,
    "message": "2025-10-15T18:55:50.974122-07:00 oDoozy wsl-pro-service[209]: #033[37mDEBUG#033[0m Updated systemd status to \"Connecting\""
  },
  {
    "line": 621,
    "message": "2025-10-15T18:55:50.977426-07:00 oDoozy wsl-pro-service[209]: #033[33mWARNING#033[0m Daemon: could not connect to Windows Agent: could not get address: could not read agent port file \"/mnt/c/Users/ajtvz/.ubuntupro/.address\": open /mnt/c/Users/ajtvz/.ubuntupro/.address: no such file or directory"
  },
  {
    "line": 622,
    "message": "2025-10-15T18:55:50.977536-07:00 oDoozy wsl-pro-service[209]: #033[36mINFO#033[0m Reconnecting to Windows host in 4 seconds"
  },
  {
    "line": 623,
    "message": "2025-10-15T18:55:50.977635-07:00 oDoozy wsl-pro-service[209]: #033[37mDEBUG#033[0m Updated systemd status to \"Not connected: waiting to retry\""
  },
  {
    "line": 624,
    "message": "2025-10-15T18:55:51.161598-07:00 oDoozy systemd[1]: Finished snapd.seeded.service - Wait until snapd is fully seeded."
  },
  {
    "line": 625,
    "message": "2025-10-15T18:55:51.162755-07:00 oDoozy systemd[1]: snapd.autoimport.service - Auto import assertions from block devices was skipped because no trigger condition checks were met."
  },
  {
    "line": 626,
    "message": "2025-10-15T18:55:51.163070-07:00 oDoozy systemd[1]: Reached target multi-user.target - Multi-User System."
  },
  {
    "line": 627,
    "message": "2025-10-15T18:55:51.163855-07:00 oDoozy systemd[1]: Reached target graphical.target - Graphical Interface."
  },
  {
    "line": 628,
    "message": "2025-10-15T18:55:51.197719-07:00 oDoozy systemd[1]: Starting systemd-update-utmp-runlevel.service - Record Runlevel Change in UTMP..."
  },
  {
    "line": 629,
    "message": "2025-10-15T18:55:51.204930-07:00 oDoozy systemd[1]: systemd-update-utmp-runlevel.service: Deactivated successfully."
  },
  {
    "line": 630,
    "message": "2025-10-15T18:55:51.205123-07:00 oDoozy systemd[1]: Finished systemd-update-utmp-runlevel.service - Record Runlevel Change in UTMP."
  },
  {
    "line": 631,
    "message": "2025-10-15T18:55:51.205852-07:00 oDoozy systemd[1]: Startup finished in 4.614s."
  },
  {
    "line": 632,
    "message": "2025-10-15T18:55:51.249180-07:00 oDoozy systemd[1]: dmesg.service: Deactivated successfully."
  },
  {
    "line": 633,
    "message": "2025-10-15T18:55:53.098761-07:00 oDoozy snapd[205]: daemon.go:548: gracefully waiting for running hooks"
  },
  {
    "line": 634,
    "message": "2025-10-15T18:55:53.098882-07:00 oDoozy snapd[205]: daemon.go:550: done waiting for running hooks"
  },
  {
    "line": 635,
    "message": "2025-10-15T18:55:55.013632-07:00 oDoozy wsl-pro-service[209]: #033[36mINFO#033[0m Daemon: connecting to Windows Agent"
  },
  {
    "line": 636,
    "message": "2025-10-15T18:55:55.013793-07:00 oDoozy wsl-pro-service[209]: #033[37mDEBUG#033[0m Updated systemd status to \"Connecting\""
  },
  {
    "line": 637,
    "message": "2025-10-15T18:55:55.016245-07:00 oDoozy wsl-pro-service[209]: #033[33mWARNING#033[0m Daemon: could not connect to Windows Agent: could not get address: could not read agent port file \"/mnt/c/Users/ajtvz/.ubuntupro/.address\": open /mnt/c/Users/ajtvz/.ubuntupro/.address: no such file or directory"
  },
  {
    "line": 638,
    "message": "2025-10-15T18:55:55.016341-07:00 oDoozy wsl-pro-service[209]: #033[36mINFO#033[0m Reconnecting to Windows host in 8 seconds"
  },
  {
    "line": 639,
    "message": "2025-10-15T18:55:55.016389-07:00 oDoozy wsl-pro-service[209]: #033[37mDEBUG#033[0m Updated systemd status to \"Not connected: waiting to retry\""
  },
  {
    "line": 640,
    "message": "2025-10-15T18:55:56.111495-07:00 oDoozy snapd[205]: overlord.go:528: Released state lock file"
  },
  {
    "line": 641,
    "message": "2025-10-15T18:55:56.111671-07:00 oDoozy snapd[205]: daemon stop requested to wait for socket activation"
  },
  {
    "line": 642,
    "message": "2025-10-15T18:55:56.120112-07:00 oDoozy systemd[1]: snapd.service: Deactivated successfully."
  },
  {
    "line": 643,
    "message": "2025-10-15T18:56:03.024360-07:00 oDoozy wsl-pro-service[209]: #033[36mINFO#033[0m Daemon: connecting to Windows Agent"
  },
  {
    "line": 644,
    "message": "2025-10-15T18:56:03.024500-07:00 oDoozy wsl-pro-service[209]: #033[37mDEBUG#033[0m Updated systemd status to \"Connecting\""
  },
  {
    "line": 645,
    "message": "2025-10-15T18:56:03.027688-07:00 oDoozy wsl-pro-service[209]: #033[33mWARNING#033[0m Daemon: could not connect to Windows Agent: could not get address: could not read agent port file \"/mnt/c/Users/ajtvz/.ubuntupro/.address\": open /mnt/c/Users/ajtvz/.ubuntupro/.address: no such file or directory"
  },
  {
    "line": 646,
    "message": "2025-10-15T18:56:03.027756-07:00 oDoozy wsl-pro-service[209]: #033[36mINFO#033[0m Reconnecting to Windows host in 16 seconds"
  },
  {
    "line": 647,
    "message": "2025-10-15T18:56:03.027791-07:00 oDoozy wsl-pro-service[209]: #033[37mDEBUG#033[0m Updated systemd status to \"Not connected: waiting to retry\""
